MPLINK 4.38, Linker
Linker Map File - Created Wed Jun 15 03:21:20 2016

                                 Section Info
                  Section       Type    Address   Location Size(Bytes)
                ---------  ---------  ---------  ---------  ---------
                   .org_0       code   0x000000    program   0x000002
                   .cinit    romdata   0x000001    program   0x000004
                   .org_1       code   0x000004    program   0x000002
                   .org_2       code   0x000010    program   0x00025c



                              Program Memory Usage 
                               Start         End      
                           ---------   ---------      
                            0x000000    0x000002      
                            0x000004    0x000004      
                            0x000010    0x00013d      
            306 out of 8455 program addresses used, program memory utilization is 3%



                              Symbols - Sorted by Name
                     Name    Address   Location    Storage File                     
                ---------  ---------  ---------  --------- ---------                
                    Begin   0x000005    program     static C:\Users\edu\Desktop\Reloj Digital\reloj.asm
         Button_Interrupt   0x00005b    program     static C:\Users\edu\Desktop\Reloj Digital\reloj.asm
         Button_Plus_Hour   0x00009f    program     static C:\Users\edu\Desktop\Reloj Digital\reloj.asm
     Button_Plus_Hour_2HD   0x0000b2    program     static C:\Users\edu\Desktop\Reloj Digital\reloj.asm
 Button_Plus_Hour_2HD_3HU   0x0000b8    program     static C:\Users\edu\Desktop\Reloj Digital\reloj.asm
     Button_Plus_Hour_9HU   0x0000ae    program     static C:\Users\edu\Desktop\Reloj Digital\reloj.asm
       Button_Plus_Minute   0x000089    program     static C:\Users\edu\Desktop\Reloj Digital\reloj.asm
     Button_Plus_Minute_2   0x000094    program     static C:\Users\edu\Desktop\Reloj Digital\reloj.asm
       Button_Plus_Second   0x000073    program     static C:\Users\edu\Desktop\Reloj Digital\reloj.asm
     Button_Plus_Second_2   0x00007e    program     static C:\Users\edu\Desktop\Reloj Digital\reloj.asm
            CONTINUAR_2HD   0x0000f9    program     static C:\Users\edu\Desktop\Reloj Digital\reloj.asm
        CONTINUAR_2HD_3HU   0x0000ff    program     static C:\Users\edu\Desktop\Reloj Digital\reloj.asm
            CONTINUAR_9HU   0x0000f5    program     static C:\Users\edu\Desktop\Reloj Digital\reloj.asm
             CONTINUAR_HU   0x0000e9    program     static C:\Users\edu\Desktop\Reloj Digital\reloj.asm
             CONTINUAR_MD   0x0000e1    program     static C:\Users\edu\Desktop\Reloj Digital\reloj.asm
             CONTINUAR_MU   0x0000d9    program     static C:\Users\edu\Desktop\Reloj Digital\reloj.asm
             CONTINUAR_SD   0x0000d1    program     static C:\Users\edu\Desktop\Reloj Digital\reloj.asm
         Cambiar_Display0   0x00010e    program     static C:\Users\edu\Desktop\Reloj Digital\reloj.asm
         Cambiar_Display1   0x000116    program     static C:\Users\edu\Desktop\Reloj Digital\reloj.asm
         Cambiar_Display2   0x00011e    program     static C:\Users\edu\Desktop\Reloj Digital\reloj.asm
         Cambiar_Display3   0x000126    program     static C:\Users\edu\Desktop\Reloj Digital\reloj.asm
         Cambiar_Display4   0x00012e    program     static C:\Users\edu\Desktop\Reloj Digital\reloj.asm
         Cambiar_Display5   0x000136    program     static C:\Users\edu\Desktop\Reloj Digital\reloj.asm
         End_Button_Logic   0x000067    program     static C:\Users\edu\Desktop\Reloj Digital\reloj.asm
           End_Time_Logic   0x0000cf    program     static C:\Users\edu\Desktop\Reloj Digital\reloj.asm
   FIN_MODO_CONFIGURACION   0x000068    program     static C:\Users\edu\Desktop\Reloj Digital\reloj.asm
            Infinite_loop   0x000040    program     static C:\Users\edu\Desktop\Reloj Digital\reloj.asm
        Interrupt_handler   0x00004e    program     static C:\Users\edu\Desktop\Reloj Digital\reloj.asm
       MODO_CONFIGURACION   0x00005c    program     static C:\Users\edu\Desktop\Reloj Digital\reloj.asm
      RESET_CONTROL_BOTON   0x00006b    program     static C:\Users\edu\Desktop\Reloj Digital\reloj.asm
     RETURN_RESET_CONTROL   0x000061    program     static C:\Users\edu\Desktop\Reloj Digital\reloj.asm
                  Refresh   0x000103    program     static C:\Users\edu\Desktop\Reloj Digital\reloj.asm
                 Reset_MD   0x00009c    program     static C:\Users\edu\Desktop\Reloj Digital\reloj.asm
                 Reset_SD   0x000086    program     static C:\Users\edu\Desktop\Reloj Digital\reloj.asm
         Retornar_Refresh   0x000057    program     static C:\Users\edu\Desktop\Reloj Digital\reloj.asm
  Retornar_Refresh_Button   0x000060    program     static C:\Users\edu\Desktop\Reloj Digital\reloj.asm
Retornar_Rutina_Contador_500   0x000056    program     static C:\Users\edu\Desktop\Reloj Digital\reloj.asm
                  Retorno   0x000052    program     static C:\Users\edu\Desktop\Reloj Digital\reloj.asm
      Rutina_Contador_500   0x0000bc    program     static C:\Users\edu\Desktop\Reloj Digital\reloj.asm
   Rutina_Contador_500_P2   0x0000c1    program     static C:\Users\edu\Desktop\Reloj Digital\reloj.asm
                    TABLA   0x000043    program     static C:\Users\edu\Desktop\Reloj Digital\reloj.asm
            Time_Increase   0x0000c6    program     static C:\Users\edu\Desktop\Reloj Digital\reloj.asm
         Timer0_Interrupt   0x000054    program     static C:\Users\edu\Desktop\Reloj Digital\reloj.asm



                              Symbols - Sorted by Address
                     Name    Address   Location    Storage File                     
                ---------  ---------  ---------  --------- ---------                
                    Begin   0x000005    program     static C:\Users\edu\Desktop\Reloj Digital\reloj.asm
            Infinite_loop   0x000040    program     static C:\Users\edu\Desktop\Reloj Digital\reloj.asm
                    TABLA   0x000043    program     static C:\Users\edu\Desktop\Reloj Digital\reloj.asm
        Interrupt_handler   0x00004e    program     static C:\Users\edu\Desktop\Reloj Digital\reloj.asm
                  Retorno   0x000052    program     static C:\Users\edu\Desktop\Reloj Digital\reloj.asm
         Timer0_Interrupt   0x000054    program     static C:\Users\edu\Desktop\Reloj Digital\reloj.asm
Retornar_Rutina_Contador_500   0x000056    program     static C:\Users\edu\Desktop\Reloj Digital\reloj.asm
         Retornar_Refresh   0x000057    program     static C:\Users\edu\Desktop\Reloj Digital\reloj.asm
         Button_Interrupt   0x00005b    program     static C:\Users\edu\Desktop\Reloj Digital\reloj.asm
       MODO_CONFIGURACION   0x00005c    program     static C:\Users\edu\Desktop\Reloj Digital\reloj.asm
  Retornar_Refresh_Button   0x000060    program     static C:\Users\edu\Desktop\Reloj Digital\reloj.asm
     RETURN_RESET_CONTROL   0x000061    program     static C:\Users\edu\Desktop\Reloj Digital\reloj.asm
         End_Button_Logic   0x000067    program     static C:\Users\edu\Desktop\Reloj Digital\reloj.asm
   FIN_MODO_CONFIGURACION   0x000068    program     static C:\Users\edu\Desktop\Reloj Digital\reloj.asm
      RESET_CONTROL_BOTON   0x00006b    program     static C:\Users\edu\Desktop\Reloj Digital\reloj.asm
       Button_Plus_Second   0x000073    program     static C:\Users\edu\Desktop\Reloj Digital\reloj.asm
     Button_Plus_Second_2   0x00007e    program     static C:\Users\edu\Desktop\Reloj Digital\reloj.asm
                 Reset_SD   0x000086    program     static C:\Users\edu\Desktop\Reloj Digital\reloj.asm
       Button_Plus_Minute   0x000089    program     static C:\Users\edu\Desktop\Reloj Digital\reloj.asm
     Button_Plus_Minute_2   0x000094    program     static C:\Users\edu\Desktop\Reloj Digital\reloj.asm
                 Reset_MD   0x00009c    program     static C:\Users\edu\Desktop\Reloj Digital\reloj.asm
         Button_Plus_Hour   0x00009f    program     static C:\Users\edu\Desktop\Reloj Digital\reloj.asm
     Button_Plus_Hour_9HU   0x0000ae    program     static C:\Users\edu\Desktop\Reloj Digital\reloj.asm
     Button_Plus_Hour_2HD   0x0000b2    program     static C:\Users\edu\Desktop\Reloj Digital\reloj.asm
 Button_Plus_Hour_2HD_3HU   0x0000b8    program     static C:\Users\edu\Desktop\Reloj Digital\reloj.asm
      Rutina_Contador_500   0x0000bc    program     static C:\Users\edu\Desktop\Reloj Digital\reloj.asm
   Rutina_Contador_500_P2   0x0000c1    program     static C:\Users\edu\Desktop\Reloj Digital\reloj.asm
            Time_Increase   0x0000c6    program     static C:\Users\edu\Desktop\Reloj Digital\reloj.asm
           End_Time_Logic   0x0000cf    program     static C:\Users\edu\Desktop\Reloj Digital\reloj.asm
             CONTINUAR_SD   0x0000d1    program     static C:\Users\edu\Desktop\Reloj Digital\reloj.asm
             CONTINUAR_MU   0x0000d9    program     static C:\Users\edu\Desktop\Reloj Digital\reloj.asm
             CONTINUAR_MD   0x0000e1    program     static C:\Users\edu\Desktop\Reloj Digital\reloj.asm
             CONTINUAR_HU   0x0000e9    program     static C:\Users\edu\Desktop\Reloj Digital\reloj.asm
            CONTINUAR_9HU   0x0000f5    program     static C:\Users\edu\Desktop\Reloj Digital\reloj.asm
            CONTINUAR_2HD   0x0000f9    program     static C:\Users\edu\Desktop\Reloj Digital\reloj.asm
        CONTINUAR_2HD_3HU   0x0000ff    program     static C:\Users\edu\Desktop\Reloj Digital\reloj.asm
                  Refresh   0x000103    program     static C:\Users\edu\Desktop\Reloj Digital\reloj.asm
         Cambiar_Display0   0x00010e    program     static C:\Users\edu\Desktop\Reloj Digital\reloj.asm
         Cambiar_Display1   0x000116    program     static C:\Users\edu\Desktop\Reloj Digital\reloj.asm
         Cambiar_Display2   0x00011e    program     static C:\Users\edu\Desktop\Reloj Digital\reloj.asm
         Cambiar_Display3   0x000126    program     static C:\Users\edu\Desktop\Reloj Digital\reloj.asm
         Cambiar_Display4   0x00012e    program     static C:\Users\edu\Desktop\Reloj Digital\reloj.asm
         Cambiar_Display5   0x000136    program     static C:\Users\edu\Desktop\Reloj Digital\reloj.asm


