MPASM  5.40                         RELOJ.ASM   6-27-2016  23:42:31         PAGE  1


LOC  OBJECT CODE     LINE SOURCE TEXT
  VALUE

                      00001 ; Reloj digital en asm PIC16F877
                      00002 
Warning[205]: Found directive in column 1. (include)
                      00003 include P16F877.INC ; Importo la libreria del PIC 16F877
                      00001         LIST
                      00002 
                      00003 ;==========================================================================
                      00004 ;  MPASM PIC16F877 processor include
                      00005 ; 
                      00006 ;  (c) Copyright 1999-2011 Microchip Technology, All rights reserved
                      00007 ;==========================================================================
                      00008 
Message[301]: MESSAGE: (Processor-header file mismatch.  Verify selected processor.)
                      00528         LIST
                      00004 
                      00005 ;__CONFIG  _WDT_OFF  ; no anda!!!
                      00006 
Warning[205]: Found directive in column 1. (CBLOCK)
                      00007 CBLOCK 0x30
  00000030            00008 SU ; Segundo Unidad
  00000031            00009 SD ; Segudon Decena
  00000032            00010 MU ; Minuto Unidad
  00000033            00011 MD ; Minuto Decena
  00000034            00012 HU ; Hora Unidad
  00000035            00013 HD ; Hora Decena
  00000036            00014 CONTADOR_500_P1 ; Contador (parte1) para ejecutar la rutina de Aumentar_Un_Segundo
  00000037            00015 CONTADOR_500_P2 ; Contador (parte2) para ejecutar la rutina de Aumentar_Un_Segundo
  00000038            00016 DOS
  00000039            00017 TRES
  0000003A            00018 CINCO
  0000003B            00019 NUEVE
  0000003C            00020 CONTROL_SEGUNDOS_BOTON
  0000003D            00021 CONTROL_MINUTOS_BOTON
  0000003E            00022 CONTROL_HORAS_BOTON
Warning[205]: Found directive in column 1. (ENDC)
                      00023 ENDC
                      00024 
Warning[205]: Found directive in column 1. (ORG)
                      00025 ORG 0X00
0000   2???           00026         GOTO Begin
                      00027 
Warning[205]: Found directive in column 1. (ORG)
                      00028 ORG 004H 
0004   2???           00029         GOTO Interrupt_handler ; Llamado a la rutina de interrupcion
                      00030 
0005                  00031 Begin:
Warning[205]: Found directive in column 1. (ORG)
                      00032 ORG 0X10 ; Comienzo del programa principal
                      00033 
                      00034         ;prueba para controlar el modo configuracion
0010   3000           00035         MOVLW 0X00
0011   00BC           00036         MOVWF CONTROL_SEGUNDOS_BOTON
0012   00BD           00037         MOVWF CONTROL_MINUTOS_BOTON
MPASM  5.40                         RELOJ.ASM   6-27-2016  23:42:31         PAGE  2


LOC  OBJECT CODE     LINE SOURCE TEXT
  VALUE

0013   00BE           00038         MOVWF CONTROL_HORAS_BOTON
                      00039 
                      00040         ;Inicializar constantes
0014   3002           00041         MOVLW d'2'
0015   00B8           00042         MOVWF DOS
0016   3003           00043         MOVLW d'3'
0017   00B9           00044         MOVWF TRES
0018   3005           00045         MOVLW d'5'
0019   00BA           00046         MOVWF CINCO
001A   3009           00047         MOVLW d'9'
001B   00BB           00048         MOVWF NUEVE
                      00049 
001C   0183           00050         CLRF STATUS ; limpio el STATUS REGISTER (asi me aseguro de estar en la pagina 0)
001D   0187           00051         CLRF PORTC  ; PORTC Muestra el Display si su bit correspondiente esta en 0, ej: RD0 = 0 --> Disp
                            lay0 muestra un numero
001E   0188           00052         CLRF PORTD      ; PORTD Numero que voy a mostrar en el Display
001F   0186           00053         CLRF PORTB  ; PORTB Puerto de entrada para manejar las interrupciones por Boton
                      00054 
0020   1683           00055         BSF  STATUS,RP0 ; Cambio a la pagina 1
                      00056 
Message[302]: Register in operand not in bank 0.  Ensure that bank bits are correct.
0021   0187           00057                 CLRF TRISC ; PORTC --> puerto de salida (OUTPUT)
Message[302]: Register in operand not in bank 0.  Ensure that bank bits are correct.
0022   0188           00058                 CLRF TRISD ; PORTD --> puerto de salida (OUTPUT)
Message[302]: Register in operand not in bank 0.  Ensure that bank bits are correct.
0023   0186           00059                 CLRF TRISB 
Message[305]: Using default destination of 1 (file).
Message[302]: Register in operand not in bank 0.  Ensure that bank bits are correct.
0024   0986           00060                 COMF TRISB ; PORTB --> puerto de entrada (INPUT)
                      00061 
Message[302]: Register in operand not in bank 0.  Ensure that bank bits are correct.
0025   1281           00062                 BCF OPTION_REG, T0CS ; Selecciono la clock source como interna (TOCS = 0 --> Internal in
                            struction cycle clock (CLKOUT) as source)
Message[302]: Register in operand not in bank 0.  Ensure that bank bits are correct.
0026   1181           00063                 BCF OPTION_REG, PSA ; Activo el Prescaler (PSA = 0 --> Prescaler is assigned to the Time
                            r0 module)
                      00064                 ; Seteo del prescaler en 011 (valor teorico calculado para TMR0 = 131, pero no funciona 
                            como se espero, asi que esta en 001)
Message[302]: Register in operand not in bank 0.  Ensure that bank bits are correct.
0027   1101           00065                 BCF OPTION_REG, PS2 ; Cleaneo el bit 2 del prescaler
Message[302]: Register in operand not in bank 0.  Ensure that bank bits are correct.
0028   1081           00066                 BCF OPTION_REG, PS1     ; Cleaneo el bit 1 del prescaler
Message[302]: Register in operand not in bank 0.  Ensure that bank bits are correct.
0029   1401           00067                 BSF OPTION_REG, PS0 ; Seteo el bit 0 del prescaler (por magia me da 2.1ms)
                      00068 
002A   1283           00069     BCF  STATUS,RP0 ; Vuelvo a la pagina 0
                      00070         
                      00071 
                      00072         ;HORA POR DEFECTO 22:22:22
002B   3002           00073         MOVLW d'2'
002C   00B0           00074         MOVWF SU
002D   00B1           00075         MOVWF SD        
002E   00B2           00076         MOVWF MU
MPASM  5.40                         RELOJ.ASM   6-27-2016  23:42:31         PAGE  3


LOC  OBJECT CODE     LINE SOURCE TEXT
  VALUE

002F   00B3           00077         MOVWF MD
0030   00B4           00078         MOVWF HU
0031   00B5           00079         MOVWF HD
                      00080 
                      00081         ;Inicializo PORD en 0 y apago todos los Displays
0032   0188           00082         CLRF PORTD
0033   0187           00083         CLRF PORTC
Message[305]: Using default destination of 1 (file).
0034   0987           00084         COMF PORTC  ; Apago todos los displays
                      00085 
                      00086 
                      00087         ; Inicializo el Timer 0 en 131 (con 141 en TMRO y 001 en el prescaler funciona casi perfecto)
0035   308D           00088         MOVLW d'141'
0036   0081           00089         MOVWF TMR0
                      00090 
                      00091 
                      00092         ; Inicializo Contador a 500
0037   01B6           00093         CLRF CONTADOR_500_P1
0038   01B7           00094         CLRF CONTADOR_500_P2
0039   3005           00095         MOVLW 0x05
003A   00B6           00096         MOVWF CONTADOR_500_P1
003B   00B7           00097         MOVWF CONTADOR_500_P2
                      00098         
003C   018B           00099         CLRF INTCON ; Inicializo en 0 todos los bits del Registro INTCON
003D   168B           00100         BSF  INTCON,T0IE ; Seteo el bit T0IE para poner en enable al Timer 0
                      00101         
003E   160B           00102         BSF INTCON, INTE ;  Seteo el bit RBIE para poner en enable las interrupcion externas
                      00103    
003F   178B           00104         BSF  INTCON,GIE  ; Seteo el bit GIE para permitir las interrupciones globales
                      00105 
                      00106 
Warning[207]: Found label after column 1. (Infinite_loop)
0040                  00107         Infinite_loop:
0040   0000           00108                 NOP
0041   0064           00109                 CLRWDT
0042   2???           00110         GOTO Infinite_loop
                      00111 
                      00112 
Warning[207]: Found label after column 1. (TABLA)
0043                  00113         TABLA
0043   0782           00114                 addwf   PCL, 1
0044   343F           00115                 retlw   d'63'  ;0
0045   3406           00116                 retlw   d'6'   ;1
0046   345B           00117                 retlw   d'91'  ;2
0047   344F           00118                 retlw   d'79'  ;3
0048   3466           00119                 retlw   d'102' ;4
0049   346D           00120                 retlw   d'109' ;5
004A   347D           00121                 retlw   d'125' ;6
004B   3407           00122                 retlw   d'7'   ;7
004C   347F           00123                 retlw   d'127' ;8
004D   3467           00124                 retlw   d'103' ;9
                      00125 
                      00126 
MPASM  5.40                         RELOJ.ASM   6-27-2016  23:42:31         PAGE  4


LOC  OBJECT CODE     LINE SOURCE TEXT
  VALUE

Warning[207]: Found label after column 1. (Interrupt_handler)
004E                  00127         Interrupt_handler: ; Rutina de interrupcion
004E   138B           00128                 BCF INTCON,GIE ; Desactivo las interrupciones globales
004F   190B           00129                 BTFSC INTCON,T0IF ; Si TOIF = 0 --> Salta la siguiente instruccion
0050   2???           00130                 GOTO Timer0_Interrupt   ; Si TOIF = 1 --> Interrupcion de Timer 0
0051   188B           00131                 BTFSC INTCON,INTF ; Si RB0 = 0 --> Salta la siguiente instruccion
0052   2???           00132                 GOTO Button_Interrupt ; Si RB0 = 1 --> Interrupcion de Boton
Warning[207]: Found label after column 1. (Retorno)
0053                  00133                 Retorno:
0053   178B           00134                 BSF INTCON,GIE ; Activo las interrupciones globales
0054   0009           00135                 RETFIE ; El programa principal retoma el control
                      00136 
                      00137 
Warning[207]: Found label after column 1. (Timer0_Interrupt)
0055                  00138         Timer0_Interrupt:
0055   0000           00139                 NOP
0056   2???           00140                 GOTO Rutina_Contador_500       ; Rutina que aumenta 1 segundo, si ya pasaron 500*20ms
Warning[207]: Found label after column 1. (Retornar_Rutina_Contador_500)
0057                  00141                 Retornar_Rutina_Contador_500:  ; Vuelvo de la rutina anterior   
0057   2???           00142                 GOTO Refresh                               ; Rutina que mueve el Display
Warning[207]: Found label after column 1. (Retornar_Refresh)
0058                  00143                 Retornar_Refresh:                          ; Vuelvo de la rutina anterior
                      00144                 ; Reseteando Timer0
0058   110B           00145                 BCF INTCON,T0IF  ; Reseteo el timer 0
0059   308D           00146                 MOVLW d'141'       ; Reseteo el timer 0
005A   0081           00147                 MOVWF TMR0       ; Reseteo el timer 0
005B   2???           00148                 GOTO Retorno
                      00149 
                      00150 
Warning[207]: Found label after column 1. (Button_Interrupt)
005C                  00151         Button_Interrupt:
005C   0000           00152                 NOP
                      00153 
Warning[207]: Found label after column 1. (MODO_CONFIGURACION)
005D                  00154                 MODO_CONFIGURACION:
                      00155                 
                      00156                 ; chequeo si el bit rb0 sigue en 1, si esta en 0 significa que sali del modo configuraci
                            on
005D   1C06           00157                 BTFSS PORTB,RB0
005E   2???           00158                 GOTO FIN_MODO_CONFIGURACION
005F   0064           00159                 CLRWDT
                      00160                 
0060   2???           00161                 GOTO Refresh
Warning[207]: Found label after column 1. (Retornar_Refresh_Button)
0061                  00162                 Retornar_Refresh_Button:                
                      00163                 
                      00164                 ;prueba control con semaforos
0061   2???           00165                 GOTO RESET_CONTROL_BOTON
Warning[207]: Found label after column 1. (RETURN_RESET_CONTROL)
0062                  00166                 RETURN_RESET_CONTROL:
                      00167 
0062   1886           00168                 BTFSC PORTB,RB1
0063   2???           00169                 GOTO Button_Plus_Second
MPASM  5.40                         RELOJ.ASM   6-27-2016  23:42:31         PAGE  5


LOC  OBJECT CODE     LINE SOURCE TEXT
  VALUE

Warning[207]: Found label after column 1. (End_Button_Second_Logic)
0064                  00170                 End_Button_Second_Logic:
                      00171 
0064   1906           00172                 BTFSC PORTB,RB2
0065   2???           00173                 GOTO Button_Plus_Minute
Warning[207]: Found label after column 1. (End_Button_Minute_Logic)
0066                  00174                 End_Button_Minute_Logic:
                      00175 
0066   1986           00176                 BTFSC PORTB,RB3
0067   2???           00177                 GOTO Button_Plus_Hour
Warning[207]: Found label after column 1. (End_Button_Hour_Logic)
0068                  00178                 End_Button_Hour_Logic
                      00179         
0068   2???           00180                 GOTO MODO_CONFIGURACION
Warning[207]: Found label after column 1. (FIN_MODO_CONFIGURACION)
0069                  00181                 FIN_MODO_CONFIGURACION:
0069   108B           00182                 BCF INTCON,INTF ; reset INTF
006A   2???           00183                 GOTO Retorno
                      00184 
Warning[207]: Found label after column 1. (RESET_CONTROL_BOTON)
006B                  00185         RESET_CONTROL_BOTON
006B   3000           00186                 MOVLW 0X00
006C   1C86           00187                 BTFSS PORTB,RB1
006D   00BC           00188                 MOVWF CONTROL_SEGUNDOS_BOTON
006E   1D06           00189                 BTFSS PORTB,RB2
006F   00BD           00190                 MOVWF CONTROL_MINUTOS_BOTON
0070   1D86           00191                 BTFSS PORTB,RB3
0071   00BE           00192                 MOVWF CONTROL_HORAS_BOTON
0072   2???           00193                 GOTO RETURN_RESET_CONTROL
                      00194 
Warning[207]: Found label after column 1. (Button_Plus_Second)
0073                  00195         Button_Plus_Second:
                      00196 
0073   083C           00197                 MOVFW CONTROL_SEGUNDOS_BOTON
0074   1D03           00198                 SKPZ
0075   2???           00199                 GOTO End_Button_Second_Logic
0076   30FF           00200                 MOVLW 0XFF
0077   00BC           00201                 MOVWF CONTROL_SEGUNDOS_BOTON
                      00202 
0078   0830           00203                 MOVFW SU
0079   023B           00204                 SUBWF NUEVE,0
007A   1903           00205                 SKPNZ
007B   2???           00206                 GOTO Button_Plus_Second_2
Message[305]: Using default destination of 1 (file).
007C   0AB0           00207                 INCF SU
007D   2???           00208                 GOTO End_Button_Second_Logic
                      00209 
Warning[207]: Found label after column 1. (Button_Plus_Second_2)
007E                  00210         Button_Plus_Second_2:
007E   3000           00211                 MOVLW 0X00
007F   00B0           00212                 MOVWF SU
0080   0831           00213                 MOVFW SD
0081   023A           00214                 SUBWF CINCO,0
MPASM  5.40                         RELOJ.ASM   6-27-2016  23:42:31         PAGE  6


LOC  OBJECT CODE     LINE SOURCE TEXT
  VALUE

0082   1903           00215                 SKPNZ
0083   2???           00216                 GOTO Reset_SD
Message[305]: Using default destination of 1 (file).
0084   0AB1           00217                 INCF SD
0085   2???           00218                 GOTO End_Button_Second_Logic
                      00219 
Warning[207]: Found label after column 1. (Reset_SD)
0086                  00220         Reset_SD:
0086   3000           00221                 MOVLW 0X00
0087   00B1           00222                 MOVWF SD
0088   2???           00223                 GOTO End_Button_Second_Logic
                      00224 
Warning[207]: Found label after column 1. (Button_Plus_Minute)
0089                  00225         Button_Plus_Minute:
0089   083D           00226                 MOVFW CONTROL_MINUTOS_BOTON
008A   1D03           00227                 SKPZ
008B   2???           00228                 GOTO End_Button_Minute_Logic
008C   30FF           00229                 MOVLW 0XFF
008D   00BD           00230                 MOVWF CONTROL_MINUTOS_BOTON
                      00231 
008E   0832           00232                 MOVFW MU
008F   023B           00233                 SUBWF NUEVE,0
0090   1903           00234                 SKPNZ
0091   2???           00235                 GOTO Button_Plus_Minute_2
Message[305]: Using default destination of 1 (file).
0092   0AB2           00236                 INCF MU
0093   2???           00237                 GOTO End_Button_Minute_Logic
                      00238 
Warning[207]: Found label after column 1. (Button_Plus_Minute_2)
0094                  00239         Button_Plus_Minute_2:
0094   3000           00240                 MOVLW 0X00
0095   00B2           00241                 MOVWF MU
0096   0833           00242                 MOVFW MD
0097   023A           00243                 SUBWF CINCO,0
0098   1903           00244                 SKPNZ
0099   2???           00245                 GOTO Reset_MD
Message[305]: Using default destination of 1 (file).
009A   0AB3           00246                 INCF MD
009B   2???           00247                 GOTO End_Button_Minute_Logic
                      00248 
Warning[207]: Found label after column 1. (Reset_MD)
009C                  00249         Reset_MD:
009C   3000           00250                 MOVLW 0X00
009D   00B3           00251                 MOVWF MD
009E   2???           00252                 GOTO End_Button_Minute_Logic
                      00253 
Warning[207]: Found label after column 1. (Button_Plus_Hour)
009F                  00254         Button_Plus_Hour:
009F   083E           00255                 MOVFW CONTROL_HORAS_BOTON
00A0   1D03           00256                 SKPZ
00A1   2???           00257                 GOTO End_Button_Hour_Logic
00A2   30FF           00258                 MOVLW 0XFF
00A3   00BE           00259                 MOVWF CONTROL_HORAS_BOTON
MPASM  5.40                         RELOJ.ASM   6-27-2016  23:42:31         PAGE  7


LOC  OBJECT CODE     LINE SOURCE TEXT
  VALUE

                      00260 
00A4   0835           00261                 MOVFW HD
00A5   0238           00262                 SUBWF DOS,0
00A6   1903           00263                 SKPNZ
00A7   2???           00264                 GOTO Button_Plus_Hour_2HD
00A8   0834           00265                 MOVFW HU
00A9   023B           00266                 SUBWF NUEVE,0
00AA   1903           00267                 SKPNZ
00AB   2???           00268                 GOTO Button_Plus_Hour_9HU
Message[305]: Using default destination of 1 (file).
00AC   0AB4           00269                 INCF HU 
00AD   2???           00270                 GOTO End_Button_Hour_Logic
                      00271         
Warning[207]: Found label after column 1. (Button_Plus_Hour_9HU)
00AE                  00272         Button_Plus_Hour_9HU:
00AE   3000           00273                 MOVLW 0X00
00AF   00B4           00274                 MOVWF HU
Message[305]: Using default destination of 1 (file).
00B0   0AB5           00275                 INCF HD
00B1   2???           00276                 GOTO End_Button_Hour_Logic
                      00277 
Warning[207]: Found label after column 1. (Button_Plus_Hour_2HD)
00B2                  00278         Button_Plus_Hour_2HD:
00B2   0834           00279                 MOVFW HU
00B3   0239           00280                 SUBWF TRES,0
00B4   1903           00281                 SKPNZ
00B5   2???           00282                 GOTO Button_Plus_Hour_2HD_3HU
Message[305]: Using default destination of 1 (file).
00B6   0AB4           00283                 INCF HU
00B7   2???           00284                 GOTO End_Button_Hour_Logic
                      00285 
Warning[207]: Found label after column 1. (Button_Plus_Hour_2HD_3HU)
00B8                  00286         Button_Plus_Hour_2HD_3HU:
00B8   3000           00287                 MOVLW 0X00
00B9   00B4           00288                 MOVWF HU
00BA   00B5           00289                 MOVWF HD
00BB   2???           00290                 GOTO End_Button_Hour_Logic
                      00291 
Warning[207]: Found label after column 1. (Rutina_Contador_500)
00BC                  00292         Rutina_Contador_500:
00BC   0936           00293                 COMF CONTADOR_500_P1,0
00BD   1903           00294                 SKPNZ ; Salta la siguiente linea si CONTADOR_500_P1 != 255
00BE   2???           00295                 GOTO Rutina_Contador_500_P2
Message[305]: Using default destination of 1 (file).
00BF   0AB6           00296                 INCF CONTADOR_500_P1
00C0   2???           00297                 GOTO Retornar_Rutina_Contador_500
                      00298 
Warning[207]: Found label after column 1. (Rutina_Contador_500_P2)
00C1                  00299         Rutina_Contador_500_P2:
00C1   0937           00300                 COMF CONTADOR_500_P2,0
00C2   1903           00301                 SKPNZ ; Salta la siguiente linea si CONTADOR_500_P2 != 255
00C3   2???           00302                 GOTO Time_Increase
Message[305]: Using default destination of 1 (file).
MPASM  5.40                         RELOJ.ASM   6-27-2016  23:42:31         PAGE  8


LOC  OBJECT CODE     LINE SOURCE TEXT
  VALUE

00C4   0AB7           00303                 INCF CONTADOR_500_P2
00C5   2???           00304                 GOTO Retornar_Rutina_Contador_500
                      00305 
Warning[207]: Found label after column 1. (Time_Increase)
00C6                  00306         Time_Increase
00C6   0000           00307                 NOP
                      00308                 ;Resetear contadores
00C7   3005           00309                 MOVLW 0x05
00C8   00B6           00310                 MOVWF CONTADOR_500_P1
00C9   00B7           00311                 MOVWF CONTADOR_500_P2
                      00312                 ;Aqui iria la logica del reloj
00CA   0830           00313                 MOVFW SU
00CB   023B           00314                 SUBWF NUEVE,0
00CC   1903           00315                 SKPNZ
00CD   2???           00316                 GOTO CONTINUAR_SD
Message[305]: Using default destination of 1 (file).
00CE   0AB0           00317                 INCF SU
Warning[207]: Found label after column 1. (End_Time_Logic)
00CF                  00318                 End_Time_Logic: 
00CF   0000           00319                 NOP
00D0   2???           00320                 GOTO Retornar_Rutina_Contador_500
                      00321 
Warning[207]: Found label after column 1. (CONTINUAR_SD)
00D1                  00322         CONTINUAR_SD:
00D1   3000           00323                 MOVLW 0X00
00D2   00B0           00324                 MOVWF SU
00D3   0831           00325                 MOVFW SD
00D4   023A           00326                 SUBWF CINCO,0
00D5   1903           00327                 SKPNZ
00D6   2???           00328                 GOTO CONTINUAR_MU
Message[305]: Using default destination of 1 (file).
00D7   0AB1           00329                 INCF SD
00D8   2???           00330                 GOTO End_Time_Logic
                      00331 
Warning[207]: Found label after column 1. (CONTINUAR_MU)
00D9                  00332         CONTINUAR_MU:
00D9   3000           00333                 MOVLW 0X00
00DA   00B1           00334                 MOVWF SD
00DB   0832           00335                 MOVFW MU
00DC   023B           00336                 SUBWF NUEVE,0
00DD   1903           00337                 SKPNZ
00DE   2???           00338                 GOTO CONTINUAR_MD
Message[305]: Using default destination of 1 (file).
00DF   0AB2           00339                 INCF MU
00E0   2???           00340                 GOTO End_Time_Logic
                      00341 
Warning[207]: Found label after column 1. (CONTINUAR_MD)
00E1                  00342         CONTINUAR_MD
00E1   3000           00343                 MOVLW 0X00
00E2   00B2           00344                 MOVWF MU
00E3   0833           00345                 MOVFW MD
00E4   023A           00346                 SUBWF CINCO,0
00E5   1903           00347                 SKPNZ
MPASM  5.40                         RELOJ.ASM   6-27-2016  23:42:31         PAGE  9


LOC  OBJECT CODE     LINE SOURCE TEXT
  VALUE

00E6   2???           00348                 GOTO CONTINUAR_HU
Message[305]: Using default destination of 1 (file).
00E7   0AB3           00349                 INCF MD
00E8   2???           00350                 GOTO End_Time_Logic
                      00351 
Warning[207]: Found label after column 1. (CONTINUAR_HU)
00E9                  00352         CONTINUAR_HU:
00E9   3000           00353                 MOVLW 0X00
00EA   00B3           00354                 MOVWF MD
00EB   0835           00355                 MOVFW HD
00EC   0238           00356                 SUBWF DOS,0
00ED   1903           00357                 SKPNZ
00EE   2???           00358                 GOTO CONTINUAR_2HD
00EF   0834           00359                 MOVFW HU
00F0   023B           00360                 SUBWF NUEVE,0
00F1   1903           00361                 SKPNZ
00F2   2???           00362                 GOTO CONTINUAR_9HU
Message[305]: Using default destination of 1 (file).
00F3   0AB4           00363                 INCF HU
00F4   2???           00364                 GOTO End_Time_Logic
                      00365 
Warning[207]: Found label after column 1. (CONTINUAR_9HU)
00F5                  00366         CONTINUAR_9HU:
00F5   3000           00367                 MOVLW 0X00
00F6   00B4           00368                 MOVWF HU
Message[305]: Using default destination of 1 (file).
00F7   0AB5           00369                 INCF HD
00F8   2???           00370                 GOTO End_Time_Logic
                      00371 
Warning[207]: Found label after column 1. (CONTINUAR_2HD)
00F9                  00372         CONTINUAR_2HD:
00F9   0834           00373                 MOVFW HU
00FA   0239           00374                 SUBWF TRES,0
00FB   1903           00375                 SKPNZ
00FC   2???           00376                 GOTO CONTINUAR_2HD_3HU
Message[305]: Using default destination of 1 (file).
00FD   0AB4           00377                 INCF HU
00FE   2???           00378                 GOTO End_Time_Logic
                      00379 
Warning[207]: Found label after column 1. (CONTINUAR_2HD_3HU)
00FF                  00380         CONTINUAR_2HD_3HU:
00FF   3000           00381                 MOVLW 0X00
0100   00B4           00382                 MOVWF HU
0101   00B5           00383                 MOVWF HD
0102   2???           00384                 GOTO End_Time_Logic
                      00385 
Warning[207]: Found label after column 1. (Refresh)
0103                  00386         Refresh 
0103   1C07           00387                 BTFSS PORTC,RC0
0104   2???           00388                 GOTO Cambiar_Display0
0105   1C87           00389                 BTFSS PORTC,RC1
0106   2???           00390                 GOTO Cambiar_Display1
0107   1D07           00391                 BTFSS PORTC,RC2
MPASM  5.40                         RELOJ.ASM   6-27-2016  23:42:31         PAGE 10


LOC  OBJECT CODE     LINE SOURCE TEXT
  VALUE

0108   2???           00392                 GOTO Cambiar_Display2
0109   1D87           00393                 BTFSS PORTC,RC3
010A   2???           00394                 GOTO Cambiar_Display3
010B   1E07           00395                 BTFSS PORTC,RC4
010C   2???           00396                 GOTO Cambiar_Display4
010D   2???           00397                 GOTO Cambiar_Display5
                      00398    
                      00399 
Warning[207]: Found label after column 1. (Cambiar_Display0)
010E                  00400         Cambiar_Display0:
                      00401                 ;Display de Segundo Decena
010E   1407           00402                 BSF PORTC,RC0
010F   0831           00403                 MOVFW SD ; Muevo el contenido de SD a W
0110   2???           00404                 call TABLA
0111   0088           00405                 MOVWF PORTD
0112   1087           00406                 BCF PORTC,RC1
                      00407                 ;Negrada para agregar el refresh al modo configuracion
0113   1806           00408                 BTFSC PORTB,RB0
0114   2???           00409                 GOTO Retornar_Refresh_Button
0115   2???           00410                 GOTO Retornar_Refresh
                      00411 
Warning[207]: Found label after column 1. (Cambiar_Display1)
0116                  00412         Cambiar_Display1:
                      00413                 ;Display de Minuto Unidad
0116   1487           00414                 BSF PORTC,RC1
0117   0832           00415                 MOVFW MU ; Muevo el contenido de MU a W
0118   2???           00416                 call TABLA
0119   0088           00417                 MOVWF PORTD
011A   1788           00418                 BSF PORTD,RD7 ; pone el punto
011B   1107           00419                 BCF PORTC,RC2
                      00420                 ;Negrada para agregar el refresh al modo configuracion
011C   1806           00421                 BTFSC PORTB,RB0
011D   2???           00422                 GOTO Retornar_Refresh_Button
011E   2???           00423                 GOTO Retornar_Refresh  
                      00424 
Warning[207]: Found label after column 1. (Cambiar_Display2)
011F                  00425         Cambiar_Display2:
                      00426                 ;Display de Minuto Decena
011F   1507           00427                 BSF PORTC,RC2
0120   0833           00428                 MOVFW MD ; Muevo el contenido de MD a W
0121   2???           00429                 call TABLA
0122   0088           00430                 MOVWF PORTD
0123   1187           00431                 BCF PORTC,RC3
                      00432                 ;Negrada para agregar el refresh al modo configuracion
0124   1806           00433                 BTFSC PORTB,RB0
0125   2???           00434                 GOTO Retornar_Refresh_Button
0126   2???           00435                 GOTO Retornar_Refresh
                      00436 
Warning[207]: Found label after column 1. (Cambiar_Display3)
0127                  00437         Cambiar_Display3:
                      00438                 ;Display de Hora Unidad
0127   1587           00439                 BSF PORTC,RC3
0128   0834           00440                 MOVFW HU ; Muevo el contenido de HU a W
MPASM  5.40                         RELOJ.ASM   6-27-2016  23:42:31         PAGE 11


LOC  OBJECT CODE     LINE SOURCE TEXT
  VALUE

0129   2???           00441                 call TABLA
012A   0088           00442                 MOVWF PORTD
012B   1788           00443                 BSF PORTD,RD7 ; pone el punto
012C   1207           00444                 BCF PORTC,RC4
                      00445                 ;Negrada para agregar el refresh al modo configuracion
012D   1806           00446                 BTFSC PORTB,RB0
012E   2???           00447                 GOTO Retornar_Refresh_Button
012F   2???           00448                 GOTO Retornar_Refresh
                      00449 
Warning[207]: Found label after column 1. (Cambiar_Display4)
0130                  00450         Cambiar_Display4:
                      00451                 ;Display de Hora Decena
0130   1607           00452                 BSF PORTC,RC4
0131   0835           00453                 MOVFW HD ; Muevo el contenido de HD a W
0132   2???           00454                 call TABLA
0133   0088           00455                 MOVWF PORTD
0134   1287           00456                 BCF PORTC,RC5
                      00457                 ;Negrada para agregar el refresh al modo configuracion
0135   1806           00458                 BTFSC PORTB,RB0
0136   2???           00459                 GOTO Retornar_Refresh_Button
0137   2???           00460                 GOTO Retornar_Refresh
                      00461 
Warning[207]: Found label after column 1. (Cambiar_Display5)
0138                  00462         Cambiar_Display5:
                      00463                 ;Display de Segundo Unidad
0138   1687           00464                 BSF PORTC,RC5
0139   0830           00465                 MOVFW SU ; Muevo el contenido de SU a W
013A   2???           00466                 call TABLA
013B   0088           00467                 MOVWF PORTD
013C   1007           00468                 BCF PORTC,RC0
                      00469                 ;Negrada para agregar el refresh al modo configuracion
013D   1806           00470                 BTFSC PORTB,RB0
013E   2???           00471                 GOTO Retornar_Refresh_Button
013F   2???           00472                 GOTO Retornar_Refresh
                      00473  
Warning[205]: Found directive in column 1. (END)
                      00474 END ; Fin del programa
MPASM  5.40                         RELOJ.ASM   6-27-2016  23:42:31         PAGE 12


SYMBOL TABLE
  LABEL                             VALUE 

ACKDT                             00000005
ACKEN                             00000004
ACKSTAT                           00000006
ADCON0                            0000001F
ADCON1                            0000009F
ADCS0                             00000006
ADCS1                             00000007
ADDEN                             00000003
ADFM                              00000007
ADIE                              00000006
ADIF                              00000006
ADON                              00000000
ADRESH                            0000001E
ADRESL                            0000009E
BCLIE                             00000003
BCLIF                             00000003
BF                                00000000
BRGH                              00000002
Begin                             00000005
Button_Interrupt                  0000005C
Button_Plus_Hour                  0000009F
Button_Plus_Hour_2HD              000000B2
Button_Plus_Hour_2HD_3HU          000000B8
Button_Plus_Hour_9HU              000000AE
Button_Plus_Minute                00000089
Button_Plus_Minute_2              00000094
Button_Plus_Second                00000073
Button_Plus_Second_2              0000007E
C                                 00000000
CCP1CON                           00000017
CCP1IE                            00000002
CCP1IF                            00000002
CCP1M0                            00000000
CCP1M1                            00000001
CCP1M2                            00000002
CCP1M3                            00000003
CCP1X                             00000005
CCP1Y                             00000004
CCP2CON                           0000001D
CCP2IE                            00000000
CCP2IF                            00000000
CCP2M0                            00000000
CCP2M1                            00000001
CCP2M2                            00000002
CCP2M3                            00000003
CCP2X                             00000005
CCP2Y                             00000004
CCPR1                             00000015
CCPR1H                            00000016
CCPR1L                            00000015
CCPR2                             0000001B
CCPR2H                            0000001C
CCPR2L                            0000001B
MPASM  5.40                         RELOJ.ASM   6-27-2016  23:42:31         PAGE 13


SYMBOL TABLE
  LABEL                             VALUE 

CHS0                              00000003
CHS1                              00000004
CHS2                              00000005
CINCO                             0000003A
CKE                               00000006
CKP                               00000004
CONTADOR_500_P1                   00000036
CONTADOR_500_P2                   00000037
CONTINUAR_2HD                     000000F9
CONTINUAR_2HD_3HU                 000000FF
CONTINUAR_9HU                     000000F5
CONTINUAR_HU                      000000E9
CONTINUAR_MD                      000000E1
CONTINUAR_MU                      000000D9
CONTINUAR_SD                      000000D1
CONTROL_HORAS_BOTON               0000003E
CONTROL_MINUTOS_BOTON             0000003D
CONTROL_SEGUNDOS_BOTON            0000003C
CREN                              00000004
CSRC                              00000007
Cambiar_Display0                  0000010E
Cambiar_Display1                  00000116
Cambiar_Display2                  0000011F
Cambiar_Display3                  00000127
Cambiar_Display4                  00000130
Cambiar_Display5                  00000138
D                                 00000005
DATA_ADDRESS                      00000005
DC                                00000001
DOS                               00000038
D_A                               00000005
D_NOT_A                           00000005
EEADR                             0000010D
EEADRH                            0000010F
EECON1                            0000018C
EECON2                            0000018D
EEDATA                            0000010C
EEDATH                            0000010E
EEIE                              00000004
EEIF                              00000004
EEPGD                             00000007
End_Button_Hour_Logic             00000068
End_Button_Minute_Logic           00000066
End_Button_Second_Logic           00000064
End_Time_Logic                    000000CF
F                                 00000001
FERR                              00000002
FIN_MODO_CONFIGURACION            00000069
FSR                               00000004
GCEN                              00000007
GIE                               00000007
GO                                00000002
GO_DONE                           00000002
MPASM  5.40                         RELOJ.ASM   6-27-2016  23:42:31         PAGE 14


SYMBOL TABLE
  LABEL                             VALUE 

GO_NOT_DONE                       00000002
HD                                00000035
HU                                00000034
I2C_DATA                          00000005
I2C_READ                          00000002
I2C_START                         00000003
I2C_STOP                          00000004
IBF                               00000007
IBOV                              00000005
INDF                              00000000
INTCON                            0000000B
INTE                              00000004
INTEDG                            00000006
INTF                              00000001
IRP                               00000007
Infinite_loop                     00000040
Interrupt_handler                 0000004E
MD                                00000033
MODO_CONFIGURACION                0000005D
MU                                00000032
NOT_A                             00000005
NOT_ADDRESS                       00000005
NOT_BO                            00000000
NOT_BOR                           00000000
NOT_DONE                          00000002
NOT_PD                            00000003
NOT_POR                           00000001
NOT_RBPU                          00000007
NOT_RC8                           00000006
NOT_T1SYNC                        00000002
NOT_TO                            00000004
NOT_TX8                           00000006
NOT_W                             00000002
NOT_WRITE                         00000002
NUEVE                             0000003B
OBF                               00000006
OERR                              00000001
OPTION_REG                        00000081
P                                 00000004
PCFG0                             00000000
PCFG1                             00000001
PCFG2                             00000002
PCFG3                             00000003
PCL                               00000002
PCLATH                            0000000A
PCON                              0000008E
PEIE                              00000006
PEN                               00000002
PIE1                              0000008C
PIE2                              0000008D
PIR1                              0000000C
PIR2                              0000000D
PORTA                             00000005
MPASM  5.40                         RELOJ.ASM   6-27-2016  23:42:31         PAGE 15


SYMBOL TABLE
  LABEL                             VALUE 

PORTB                             00000006
PORTC                             00000007
PORTD                             00000008
PORTE                             00000009
PR2                               00000092
PS0                               00000000
PS1                               00000001
PS2                               00000002
PSA                               00000003
PSPIE                             00000007
PSPIF                             00000007
PSPMODE                           00000004
R                                 00000002
RA0                               00000000
RA1                               00000001
RA2                               00000002
RA3                               00000003
RA4                               00000004
RA5                               00000005
RB0                               00000000
RB1                               00000001
RB2                               00000002
RB3                               00000003
RB4                               00000004
RB5                               00000005
RB6                               00000006
RB7                               00000007
RBIE                              00000003
RBIF                              00000000
RC0                               00000000
RC1                               00000001
RC2                               00000002
RC3                               00000003
RC4                               00000004
RC5                               00000005
RC6                               00000006
RC7                               00000007
RC8_9                             00000006
RC9                               00000006
RCD8                              00000000
RCEN                              00000003
RCIE                              00000005
RCIF                              00000005
RCREG                             0000001A
RCSTA                             00000018
RD                                00000000
RD0                               00000000
RD1                               00000001
RD2                               00000002
RD3                               00000003
RD4                               00000004
RD5                               00000005
RD6                               00000006
MPASM  5.40                         RELOJ.ASM   6-27-2016  23:42:31         PAGE 16


SYMBOL TABLE
  LABEL                             VALUE 

RD7                               00000007
RE0                               00000000
RE1                               00000001
RE2                               00000002
READ_WRITE                        00000002
RESET_CONTROL_BOTON               0000006B
RETURN_RESET_CONTROL              00000062
RP0                               00000005
RP1                               00000006
RSEN                              00000001
RX9                               00000006
RX9D                              00000000
R_NOT_W                           00000002
R_W                               00000002
Refresh                           00000103
Reset_MD                          0000009C
Reset_SD                          00000086
Retornar_Refresh                  00000058
Retornar_Refresh_Button           00000061
Retornar_Rutina_Contador_500      00000057
Retorno                           00000053
Rutina_Contador_500               000000BC
Rutina_Contador_500_P2            000000C1
S                                 00000003
SD                                00000031
SEN                               00000000
SMP                               00000007
SPBRG                             00000099
SPEN                              00000007
SREN                              00000005
SSPADD                            00000093
SSPBUF                            00000013
SSPCON                            00000014
SSPCON2                           00000091
SSPEN                             00000005
SSPIE                             00000003
SSPIF                             00000003
SSPM0                             00000000
SSPM1                             00000001
SSPM2                             00000002
SSPM3                             00000003
SSPOV                             00000006
SSPSTAT                           00000094
STATUS                            00000003
SU                                00000030
SYNC                              00000004
T0CS                              00000005
T0IE                              00000005
T0IF                              00000002
T0SE                              00000004
T1CKPS0                           00000004
T1CKPS1                           00000005
T1CON                             00000010
MPASM  5.40                         RELOJ.ASM   6-27-2016  23:42:31         PAGE 17


SYMBOL TABLE
  LABEL                             VALUE 

T1INSYNC                          00000002
T1OSCEN                           00000003
T1SYNC                            00000002
T2CKPS0                           00000000
T2CKPS1                           00000001
T2CON                             00000012
TABLA                             00000043
TMR0                              00000001
TMR0IE                            00000005
TMR0IF                            00000002
TMR1CS                            00000001
TMR1H                             0000000F
TMR1IE                            00000000
TMR1IF                            00000000
TMR1L                             0000000E
TMR1ON                            00000000
TMR2                              00000011
TMR2IE                            00000001
TMR2IF                            00000001
TMR2ON                            00000002
TOUTPS0                           00000003
TOUTPS1                           00000004
TOUTPS2                           00000005
TOUTPS3                           00000006
TRES                              00000039
TRISA                             00000085
TRISA0                            00000000
TRISA1                            00000001
TRISA2                            00000002
TRISA3                            00000003
TRISA4                            00000004
TRISA5                            00000005
TRISB                             00000086
TRISB0                            00000000
TRISB1                            00000001
TRISB2                            00000002
TRISB3                            00000003
TRISB4                            00000004
TRISB5                            00000005
TRISB6                            00000006
TRISB7                            00000007
TRISC                             00000087
TRISC0                            00000000
TRISC1                            00000001
TRISC2                            00000002
TRISC3                            00000003
TRISC4                            00000004
TRISC5                            00000005
TRISC6                            00000006
TRISC7                            00000007
TRISD                             00000088
TRISD0                            00000000
TRISD1                            00000001
MPASM  5.40                         RELOJ.ASM   6-27-2016  23:42:31         PAGE 18


SYMBOL TABLE
  LABEL                             VALUE 

TRISD2                            00000002
TRISD3                            00000003
TRISD4                            00000004
TRISD5                            00000005
TRISD6                            00000006
TRISD7                            00000007
TRISE                             00000089
TRISE0                            00000000
TRISE1                            00000001
TRISE2                            00000002
TRMT                              00000001
TX8_9                             00000006
TX9                               00000006
TX9D                              00000000
TXD8                              00000000
TXEN                              00000005
TXIE                              00000004
TXIF                              00000004
TXREG                             00000019
TXSTA                             00000098
Time_Increase                     000000C6
Timer0_Interrupt                  00000055
UA                                00000001
W                                 00000000
WCOL                              00000007
WR                                00000001
WREN                              00000002
WRERR                             00000003
Z                                 00000002
_BODEN_OFF                        00003FBF
_BODEN_ON                         00003FFF
_CONFIG                           00002007
_CPD_OFF                          00003FFF
_CPD_ON                           00003EFF
_CP_All                           00000FCF
_CP_HALF                          00001FDF
_CP_OFF                           00003FFF
_CP_UPPER_256                     00002FEF
_DEBUG_OFF                        00003FFF
_DEBUG_ON                         000037FF
_DEVID1                           00002006
_HS_OSC                           00003FFE
_IDLOC0                           00002000
_IDLOC1                           00002001
_IDLOC2                           00002002
_IDLOC3                           00002003
_LP_OSC                           00003FFC
_LVP_OFF                          00003F7F
_LVP_ON                           00003FFF
_PWRTE_OFF                        00003FFF
_PWRTE_ON                         00003FF7
_RC_OSC                           00003FFF
_WDT_OFF                          00003FFB
MPASM  5.40                         RELOJ.ASM   6-27-2016  23:42:31         PAGE 19


SYMBOL TABLE
  LABEL                             VALUE 

_WDT_ON                           00003FFF
_WRT_ENABLE_OFF                   00003DFF
_WRT_ENABLE_ON                    00003FFF
_XT_OSC                           00003FFD
__16F887                          00000001
__DEBUG                           1

Errors   :     0
Warnings :    51 reported,     0 suppressed
Messages :    28 reported,     0 suppressed

