MPASM  5.40                         RELOJ.ASM   6-15-2016  23:33:26         PAGE  1


LOC  OBJECT CODE     LINE SOURCE TEXT
  VALUE

                      00001 ; Reloj digital en asm PIC16F877
                      00002 
Warning[205]: Found directive in column 1. (include)
                      00003 include P16F877.INC ; Importo la libreria del PIC 16F877
                      00001         LIST
                      00002 
                      00003 ;==========================================================================
                      00004 ;  MPASM PIC16F877 processor include
                      00005 ; 
                      00006 ;  (c) Copyright 1999-2011 Microchip Technology, All rights reserved
                      00007 ;==========================================================================
                      00008 
Message[301]: MESSAGE: (Processor-header file mismatch.  Verify selected processor.)
                      00528         LIST
                      00004 
                      00005 ;__CONFIG  _WDT_OFF  ; no anda!!!
                      00006 
Warning[205]: Found directive in column 1. (CBLOCK)
                      00007 CBLOCK 0x30
  00000030            00008 SU ; Segundo Unidad
  00000031            00009 SD ; Segudon Decena
  00000032            00010 MU ; Minuto Unidad
  00000033            00011 MD ; Minuto Decena
  00000034            00012 HU ; Hora Unidad
  00000035            00013 HD ; Hora Decena
  00000036            00014 CONTADOR_500_P1 ; Contador (parte1) para ejecutar la rutina de Aumentar_Un_Segundo
  00000037            00015 CONTADOR_500_P2 ; Contador (parte2) para ejecutar la rutina de Aumentar_Un_Segundo
  00000038            00016 DOS
  00000039            00017 TRES
  0000003A            00018 CINCO
  0000003B            00019 NUEVE
  0000003C            00020 CONTROL_SEGUNDOS_BOTON
  0000003D            00021 CONTROL_MINUTOS_BOTON
  0000003E            00022 CONTROL_HORAS_BOTON
Warning[205]: Found directive in column 1. (ENDC)
                      00023 ENDC
                      00024 
Warning[205]: Found directive in column 1. (ORG)
                      00025 ORG 0X00
0000   2???           00026         GOTO Begin
                      00027 
Warning[205]: Found directive in column 1. (ORG)
                      00028 ORG 004H 
0004   2???           00029         GOTO Interrupt_handler ; Llamado a la rutina de interrupcion
                      00030 
0005                  00031 Begin:
Warning[205]: Found directive in column 1. (ORG)
                      00032 ORG 0X10 ; Comienzo del programa principal
                      00033 
                      00034         ;prueba para controlar el modo configuracion
0010   3000           00035         MOVLW 0X00
0011   00BC           00036         MOVWF CONTROL_SEGUNDOS_BOTON
0012   00BD           00037         MOVWF CONTROL_MINUTOS_BOTON
MPASM  5.40                         RELOJ.ASM   6-15-2016  23:33:26         PAGE  2


LOC  OBJECT CODE     LINE SOURCE TEXT
  VALUE

0013   00BE           00038         MOVWF CONTROL_HORAS_BOTON
                      00039 
                      00040         ;Inicializar constantes
0014   3002           00041         MOVLW d'2'
0015   00B8           00042         MOVWF DOS
0016   3003           00043         MOVLW d'3'
0017   00B9           00044         MOVWF TRES
0018   3005           00045         MOVLW d'5'
0019   00BA           00046         MOVWF CINCO
001A   3009           00047         MOVLW d'9'
001B   00BB           00048         MOVWF NUEVE
                      00049 
001C   0183           00050         CLRF STATUS ; limpio el STATUS REGISTER (asi me aseguro de estar en la pagina 0)
001D   0187           00051         CLRF PORTC  ; PORTC Muestra el Display si su bit correspondiente esta en 0, ej: RD0 = 0 --> Disp
                            lay0 muestra un numero
001E   0188           00052         CLRF PORTD      ; PORTD Numero que voy a mostrar en el Display
001F   0188           00053         CLRF PORTD  ; PORTB Puerto de entrada para manejar las interrupciones por Boton
                      00054 
0020   1683           00055         BSF  STATUS,RP0 ; Cambio a la pagina 1
                      00056 
Message[302]: Register in operand not in bank 0.  Ensure that bank bits are correct.
0021   0187           00057                 CLRF TRISC ; PORTC --> puerto de salida (OUTPUT)
Message[302]: Register in operand not in bank 0.  Ensure that bank bits are correct.
0022   0188           00058                 CLRF TRISD ; PORTD --> puerto de salida (OUTPUT)
Message[302]: Register in operand not in bank 0.  Ensure that bank bits are correct.
0023   0186           00059                 CLRF TRISB 
Message[305]: Using default destination of 1 (file).
Message[302]: Register in operand not in bank 0.  Ensure that bank bits are correct.
0024   0986           00060                 COMF TRISB ; PORTB --> puerto de entrada (INPUT)
                      00061 
Message[302]: Register in operand not in bank 0.  Ensure that bank bits are correct.
0025   1281           00062                 BCF OPTION_REG, T0CS ; Selecciono la clock source como interna (TOCS = 0 --> Internal in
                            struction cycle clock (CLKOUT) as source)
Message[302]: Register in operand not in bank 0.  Ensure that bank bits are correct.
0026   1181           00063                 BCF OPTION_REG, PSA ; Activo el Prescaler (PSA = 0 --> Prescaler is assigned to the Time
                            r0 module)
                      00064                 ; Seteo del prescaler en 011 (valor teorico calculado para TMR0 = 131, pero no funciona 
                            como se espero, asi que esta en 001)
Message[302]: Register in operand not in bank 0.  Ensure that bank bits are correct.
0027   1101           00065                 BCF OPTION_REG, PS2 ; Cleaneo el bit 2 del prescaler
Message[302]: Register in operand not in bank 0.  Ensure that bank bits are correct.
0028   1081           00066                 BCF OPTION_REG, PS1     ; Cleaneo el bit 1 del prescaler
Message[302]: Register in operand not in bank 0.  Ensure that bank bits are correct.
0029   1401           00067                 BSF OPTION_REG, PS0 ; Seteo el bit 0 del prescaler (por magia me da 2.1ms)
                      00068 
002A   1283           00069     BCF  STATUS,RP0 ; Vuelvo a la pagina 0
                      00070         
                      00071 
                      00072         ;HORA POR DEFECTO 22:22:22
002B   3002           00073         MOVLW d'2'
002C   00B0           00074         MOVWF SU
002D   00B1           00075         MOVWF SD        
002E   00B2           00076         MOVWF MU
MPASM  5.40                         RELOJ.ASM   6-15-2016  23:33:26         PAGE  3


LOC  OBJECT CODE     LINE SOURCE TEXT
  VALUE

002F   00B3           00077         MOVWF MD
0030   00B4           00078         MOVWF HU
0031   00B5           00079         MOVWF HD
                      00080 
                      00081         ;Inicializo PORD en 0 y apago todos los Displays
0032   0188           00082         CLRF PORTD
0033   0187           00083         CLRF PORTC
Message[305]: Using default destination of 1 (file).
0034   0987           00084         COMF PORTC  ; Apago todos los displays
                      00085 
                      00086 
                      00087         ; Inicializo el Timer 0 en 131 (con 141 en TMRO y 001 en el prescaler funciona casi perfecto)
0035   308D           00088         MOVLW d'141'
0036   0081           00089         MOVWF TMR0
                      00090 
                      00091 
                      00092         ; Inicializo Contador a 500
0037   01B6           00093         CLRF CONTADOR_500_P1
0038   01B7           00094         CLRF CONTADOR_500_P2
0039   3005           00095         MOVLW 0x05
003A   00B6           00096         MOVWF CONTADOR_500_P1
003B   00B7           00097         MOVWF CONTADOR_500_P2
                      00098         
003C   018B           00099         CLRF INTCON ; Inicializo en 0 todos los bits del Registro INTCON
003D   168B           00100         BSF  INTCON,T0IE ; Seteo el bit T0IE para poner en enable al Timer 0
                      00101         
003E   158B           00102         BSF INTCON, RBIE ; Seteo el bit RBIE para poner en enable la interrupcion por cambio en RB (RB P
                            ort Change Interrupt Enable bit)
003F   160B           00103         BSF INTCON, INTE ; No se si va (?)
                      00104    
0040   178B           00105         BSF  INTCON,GIE  ; Seteo el bit GIE para permitir las interrupciones globales
                      00106 
                      00107 
Warning[207]: Found label after column 1. (Infinite_loop)
0041                  00108         Infinite_loop:
0041   0000           00109                 NOP
0042   0064           00110                 CLRWDT
0043   2???           00111         GOTO Infinite_loop
                      00112 
                      00113 
Warning[207]: Found label after column 1. (TABLA)
0044                  00114         TABLA
0044   0782           00115                 addwf   PCL, 1
0045   343F           00116                 retlw   d'63'  ;0
0046   3406           00117                 retlw   d'6'   ;1
0047   345B           00118                 retlw   d'91'  ;2
0048   344F           00119                 retlw   d'79'  ;3
0049   3466           00120                 retlw   d'102' ;4
004A   346D           00121                 retlw   d'109' ;5
004B   347D           00122                 retlw   d'125' ;6
004C   3407           00123                 retlw   d'7'   ;7
004D   347F           00124                 retlw   d'127' ;8
004E   3467           00125                 retlw   d'103' ;9
MPASM  5.40                         RELOJ.ASM   6-15-2016  23:33:26         PAGE  4


LOC  OBJECT CODE     LINE SOURCE TEXT
  VALUE

                      00126 
                      00127 
Warning[207]: Found label after column 1. (Interrupt_handler)
004F                  00128         Interrupt_handler: ; Rutina de interrupcion
004F   138B           00129                 BCF INTCON,GIE ; Desactivo las interrupciones globales
0050   190B           00130                 BTFSC INTCON,T0IF ; Si TOIF = 0 --> Salta la siguiente instruccion
0051   2???           00131                 GOTO Timer0_Interrupt   ; Si TOIF = 1 --> Interrupcion de Timer 0
0052   2???           00132                 GOTO Button_Interrupt ; Si TOIF = 0
Warning[207]: Found label after column 1. (Retorno)
0053                  00133                 Retorno:
0053   178B           00134                 BSF INTCON,GIE ; Activo las interrupciones globales
0054   0009           00135                 RETFIE ; El programa principal retoma el control
                      00136 
                      00137 
Warning[207]: Found label after column 1. (Timer0_Interrupt)
0055                  00138         Timer0_Interrupt:
0055   0000           00139                 NOP
0056   2???           00140                 GOTO Rutina_Contador_500       ; Rutina que aumenta 1 segundo, si ya pasaron 500*20ms
Warning[207]: Found label after column 1. (Retornar_Rutina_Contador_500)
0057                  00141                 Retornar_Rutina_Contador_500:  ; Vuelvo de la rutina anterior   
0057   2???           00142                 GOTO Refresh                               ; Rutina que mueve el Display
Warning[207]: Found label after column 1. (Retornar_Refresh)
0058                  00143                 Retornar_Refresh:                          ; Vuelvo de la rutina anterior
                      00144                 ; Reseteando Timer0
0058   110B           00145                 BCF INTCON,T0IF  ; Reseteo el timer 0
0059   308D           00146                 MOVLW d'141'       ; Reseteo el timer 0
005A   0081           00147                 MOVWF TMR0       ; Reseteo el timer 0
005B   2???           00148                 GOTO Retorno
                      00149 
                      00150 
Warning[207]: Found label after column 1. (Button_Interrupt)
005C                  00151         Button_Interrupt:
005C   0000           00152                 NOP
                      00153 
Warning[207]: Found label after column 1. (MODO_CONFIGURACION)
005D                  00154                 MODO_CONFIGURACION:
                      00155                 
                      00156                 ; chequeo si el bit rb0 sigue en 1, si esta en 0 significa que sali del modo configuraci
                            on
005D   1C06           00157                 BTFSS PORTB,RB0
005E   2???           00158                 GOTO FIN_MODO_CONFIGURACION
005F   0064           00159                 CLRWDT
                      00160                 
0060   2???           00161                 GOTO Refresh
Warning[207]: Found label after column 1. (Retornar_Refresh_Button)
0061                  00162                 Retornar_Refresh_Button:                
                      00163                 
                      00164                 ;prueba control con semaforos
0061   2???           00165                 GOTO RESET_CONTROL_BOTON
Warning[207]: Found label after column 1. (RETURN_RESET_CONTROL)
0062                  00166                 RETURN_RESET_CONTROL:
                      00167 
0062   1886           00168                 BTFSC PORTB,RB1
MPASM  5.40                         RELOJ.ASM   6-15-2016  23:33:26         PAGE  5


LOC  OBJECT CODE     LINE SOURCE TEXT
  VALUE

0063   2???           00169                 GOTO Button_Plus_Second
Warning[207]: Found label after column 1. (End_Button_Second_Logic)
0064                  00170                 End_Button_Second_Logic:
                      00171 
0064   1906           00172                 BTFSC PORTB,RB2
0065   2???           00173                 GOTO Button_Plus_Minute
Warning[207]: Found label after column 1. (End_Button_Minute_Logic)
0066                  00174                 End_Button_Minute_Logic:
                      00175 
0066   1986           00176                 BTFSC PORTB,RB3
0067   2???           00177                 GOTO Button_Plus_Hour
Warning[207]: Found label after column 1. (End_Button_Hour_Logic)
0068                  00178                 End_Button_Hour_Logic
                      00179         
0068   2???           00180                 GOTO MODO_CONFIGURACION
Warning[207]: Found label after column 1. (FIN_MODO_CONFIGURACION)
0069                  00181                 FIN_MODO_CONFIGURACION:
0069   100B           00182                 BCF INTCON,RBIF  ; Reseteo el RB change
006A   108B           00183                 BCF INTCON,INTF
006B   2???           00184                 GOTO Retorno
                      00185 
Warning[207]: Found label after column 1. (RESET_CONTROL_BOTON)
006C                  00186         RESET_CONTROL_BOTON
006C   3000           00187                 MOVLW 0X00
006D   1C86           00188                 BTFSS PORTB,RB1
006E   00BC           00189                 MOVWF CONTROL_SEGUNDOS_BOTON
006F   1D06           00190                 BTFSS PORTB,RB2
0070   00BD           00191                 MOVWF CONTROL_MINUTOS_BOTON
0071   1D86           00192                 BTFSS PORTB,RB3
0072   00BE           00193                 MOVWF CONTROL_HORAS_BOTON
0073   2???           00194                 GOTO RETURN_RESET_CONTROL
                      00195 
Warning[207]: Found label after column 1. (Button_Plus_Second)
0074                  00196         Button_Plus_Second:
                      00197 
0074   083C           00198                 MOVFW CONTROL_SEGUNDOS_BOTON
0075   1D03           00199                 SKPZ
0076   2???           00200                 GOTO End_Button_Second_Logic
0077   30FF           00201                 MOVLW 0XFF
0078   00BC           00202                 MOVWF CONTROL_SEGUNDOS_BOTON
                      00203 
0079   0830           00204                 MOVFW SU
007A   023B           00205                 SUBWF NUEVE,0
007B   1903           00206                 SKPNZ
007C   2???           00207                 GOTO Button_Plus_Second_2
Message[305]: Using default destination of 1 (file).
007D   0AB0           00208                 INCF SU
007E   2???           00209                 GOTO End_Button_Second_Logic
                      00210 
Warning[207]: Found label after column 1. (Button_Plus_Second_2)
007F                  00211         Button_Plus_Second_2:
007F   3000           00212                 MOVLW 0X00
0080   00B0           00213                 MOVWF SU
MPASM  5.40                         RELOJ.ASM   6-15-2016  23:33:26         PAGE  6


LOC  OBJECT CODE     LINE SOURCE TEXT
  VALUE

0081   0831           00214                 MOVFW SD
0082   023A           00215                 SUBWF CINCO,0
0083   1903           00216                 SKPNZ
0084   2???           00217                 GOTO Reset_SD
Message[305]: Using default destination of 1 (file).
0085   0AB1           00218                 INCF SD
0086   2???           00219                 GOTO End_Button_Second_Logic
                      00220 
Warning[207]: Found label after column 1. (Reset_SD)
0087                  00221         Reset_SD:
0087   3000           00222                 MOVLW 0X00
0088   00B1           00223                 MOVWF SD
0089   2???           00224                 GOTO End_Button_Second_Logic
                      00225 
Warning[207]: Found label after column 1. (Button_Plus_Minute)
008A                  00226         Button_Plus_Minute:
008A   083D           00227                 MOVFW CONTROL_MINUTOS_BOTON
008B   1D03           00228                 SKPZ
008C   2???           00229                 GOTO End_Button_Minute_Logic
008D   30FF           00230                 MOVLW 0XFF
008E   00BD           00231                 MOVWF CONTROL_MINUTOS_BOTON
                      00232 
008F   0832           00233                 MOVFW MU
0090   023B           00234                 SUBWF NUEVE,0
0091   1903           00235                 SKPNZ
0092   2???           00236                 GOTO Button_Plus_Minute_2
Message[305]: Using default destination of 1 (file).
0093   0AB2           00237                 INCF MU
0094   2???           00238                 GOTO End_Button_Minute_Logic
                      00239 
Warning[207]: Found label after column 1. (Button_Plus_Minute_2)
0095                  00240         Button_Plus_Minute_2:
0095   3000           00241                 MOVLW 0X00
0096   00B2           00242                 MOVWF MU
0097   0833           00243                 MOVFW MD
0098   023A           00244                 SUBWF CINCO,0
0099   1903           00245                 SKPNZ
009A   2???           00246                 GOTO Reset_MD
Message[305]: Using default destination of 1 (file).
009B   0AB3           00247                 INCF MD
009C   2???           00248                 GOTO End_Button_Minute_Logic
                      00249 
Warning[207]: Found label after column 1. (Reset_MD)
009D                  00250         Reset_MD:
009D   3000           00251                 MOVLW 0X00
009E   00B3           00252                 MOVWF MD
009F   2???           00253                 GOTO End_Button_Minute_Logic
                      00254 
Warning[207]: Found label after column 1. (Button_Plus_Hour)
00A0                  00255         Button_Plus_Hour:
00A0   083E           00256                 MOVFW CONTROL_HORAS_BOTON
00A1   1D03           00257                 SKPZ
00A2   2???           00258                 GOTO End_Button_Hour_Logic
MPASM  5.40                         RELOJ.ASM   6-15-2016  23:33:26         PAGE  7


LOC  OBJECT CODE     LINE SOURCE TEXT
  VALUE

00A3   30FF           00259                 MOVLW 0XFF
00A4   00BE           00260                 MOVWF CONTROL_HORAS_BOTON
                      00261 
00A5   0835           00262                 MOVFW HD
00A6   0238           00263                 SUBWF DOS,0
00A7   1903           00264                 SKPNZ
00A8   2???           00265                 GOTO Button_Plus_Hour_2HD
00A9   0834           00266                 MOVFW HU
00AA   023B           00267                 SUBWF NUEVE,0
00AB   1903           00268                 SKPNZ
00AC   2???           00269                 GOTO Button_Plus_Hour_9HU
Message[305]: Using default destination of 1 (file).
00AD   0AB4           00270                 INCF HU 
00AE   2???           00271                 GOTO End_Button_Hour_Logic
                      00272         
Warning[207]: Found label after column 1. (Button_Plus_Hour_9HU)
00AF                  00273         Button_Plus_Hour_9HU:
00AF   3000           00274                 MOVLW 0X00
00B0   00B4           00275                 MOVWF HU
Message[305]: Using default destination of 1 (file).
00B1   0AB5           00276                 INCF HD
00B2   2???           00277                 GOTO End_Button_Hour_Logic
                      00278 
Warning[207]: Found label after column 1. (Button_Plus_Hour_2HD)
00B3                  00279         Button_Plus_Hour_2HD:
00B3   0834           00280                 MOVFW HU
00B4   0239           00281                 SUBWF TRES,0
00B5   1903           00282                 SKPNZ
00B6   2???           00283                 GOTO Button_Plus_Hour_2HD_3HU
Message[305]: Using default destination of 1 (file).
00B7   0AB4           00284                 INCF HU
00B8   2???           00285                 GOTO End_Button_Hour_Logic
                      00286 
Warning[207]: Found label after column 1. (Button_Plus_Hour_2HD_3HU)
00B9                  00287         Button_Plus_Hour_2HD_3HU:
00B9   3000           00288                 MOVLW 0X00
00BA   00B4           00289                 MOVWF HU
00BB   00B5           00290                 MOVWF HD
00BC   2???           00291                 GOTO End_Button_Hour_Logic
                      00292 
Warning[207]: Found label after column 1. (Rutina_Contador_500)
00BD                  00293         Rutina_Contador_500:
00BD   0936           00294                 COMF CONTADOR_500_P1,0
00BE   1903           00295                 SKPNZ ; Salta la siguiente linea si CONTADOR_500_P1 != 255
00BF   2???           00296                 GOTO Rutina_Contador_500_P2
Message[305]: Using default destination of 1 (file).
00C0   0AB6           00297                 INCF CONTADOR_500_P1
00C1   2???           00298                 GOTO Retornar_Rutina_Contador_500
                      00299 
Warning[207]: Found label after column 1. (Rutina_Contador_500_P2)
00C2                  00300         Rutina_Contador_500_P2:
00C2   0937           00301                 COMF CONTADOR_500_P2,0
00C3   1903           00302                 SKPNZ ; Salta la siguiente linea si CONTADOR_500_P2 != 255
MPASM  5.40                         RELOJ.ASM   6-15-2016  23:33:26         PAGE  8


LOC  OBJECT CODE     LINE SOURCE TEXT
  VALUE

00C4   2???           00303                 GOTO Time_Increase
Message[305]: Using default destination of 1 (file).
00C5   0AB7           00304                 INCF CONTADOR_500_P2
00C6   2???           00305                 GOTO Retornar_Rutina_Contador_500
                      00306 
Warning[207]: Found label after column 1. (Time_Increase)
00C7                  00307         Time_Increase
00C7   0000           00308                 NOP
                      00309                 ;Resetear contadores
00C8   3005           00310                 MOVLW 0x05
00C9   00B6           00311                 MOVWF CONTADOR_500_P1
00CA   00B7           00312                 MOVWF CONTADOR_500_P2
                      00313                 ;Aqui iria la logica del reloj
00CB   0830           00314                 MOVFW SU
00CC   023B           00315                 SUBWF NUEVE,0
00CD   1903           00316                 SKPNZ
00CE   2???           00317                 GOTO CONTINUAR_SD
Message[305]: Using default destination of 1 (file).
00CF   0AB0           00318                 INCF SU
Warning[207]: Found label after column 1. (End_Time_Logic)
00D0                  00319                 End_Time_Logic: 
00D0   0000           00320                 NOP
00D1   2???           00321                 GOTO Retornar_Rutina_Contador_500
                      00322 
Warning[207]: Found label after column 1. (CONTINUAR_SD)
00D2                  00323         CONTINUAR_SD:
00D2   3000           00324                 MOVLW 0X00
00D3   00B0           00325                 MOVWF SU
00D4   0831           00326                 MOVFW SD
00D5   023A           00327                 SUBWF CINCO,0
00D6   1903           00328                 SKPNZ
00D7   2???           00329                 GOTO CONTINUAR_MU
Message[305]: Using default destination of 1 (file).
00D8   0AB1           00330                 INCF SD
00D9   2???           00331                 GOTO End_Time_Logic
                      00332 
Warning[207]: Found label after column 1. (CONTINUAR_MU)
00DA                  00333         CONTINUAR_MU:
00DA   3000           00334                 MOVLW 0X00
00DB   00B1           00335                 MOVWF SD
00DC   0832           00336                 MOVFW MU
00DD   023B           00337                 SUBWF NUEVE,0
00DE   1903           00338                 SKPNZ
00DF   2???           00339                 GOTO CONTINUAR_MD
Message[305]: Using default destination of 1 (file).
00E0   0AB2           00340                 INCF MU
00E1   2???           00341                 GOTO End_Time_Logic
                      00342 
Warning[207]: Found label after column 1. (CONTINUAR_MD)
00E2                  00343         CONTINUAR_MD
00E2   3000           00344                 MOVLW 0X00
00E3   00B2           00345                 MOVWF MU
00E4   0833           00346                 MOVFW MD
MPASM  5.40                         RELOJ.ASM   6-15-2016  23:33:26         PAGE  9


LOC  OBJECT CODE     LINE SOURCE TEXT
  VALUE

00E5   023A           00347                 SUBWF CINCO,0
00E6   1903           00348                 SKPNZ
00E7   2???           00349                 GOTO CONTINUAR_HU
Message[305]: Using default destination of 1 (file).
00E8   0AB3           00350                 INCF MD
00E9   2???           00351                 GOTO End_Time_Logic
                      00352 
Warning[207]: Found label after column 1. (CONTINUAR_HU)
00EA                  00353         CONTINUAR_HU:
00EA   3000           00354                 MOVLW 0X00
00EB   00B3           00355                 MOVWF MD
00EC   0835           00356                 MOVFW HD
00ED   0238           00357                 SUBWF DOS,0
00EE   1903           00358                 SKPNZ
00EF   2???           00359                 GOTO CONTINUAR_2HD
00F0   0834           00360                 MOVFW HU
00F1   023B           00361                 SUBWF NUEVE,0
00F2   1903           00362                 SKPNZ
00F3   2???           00363                 GOTO CONTINUAR_9HU
Message[305]: Using default destination of 1 (file).
00F4   0AB4           00364                 INCF HU
00F5   2???           00365                 GOTO End_Time_Logic
                      00366 
Warning[207]: Found label after column 1. (CONTINUAR_9HU)
00F6                  00367         CONTINUAR_9HU:
00F6   3000           00368                 MOVLW 0X00
00F7   00B4           00369                 MOVWF HU
Message[305]: Using default destination of 1 (file).
00F8   0AB5           00370                 INCF HD
00F9   2???           00371                 GOTO End_Time_Logic
                      00372 
Warning[207]: Found label after column 1. (CONTINUAR_2HD)
00FA                  00373         CONTINUAR_2HD:
00FA   0834           00374                 MOVFW HU
00FB   0239           00375                 SUBWF TRES,0
00FC   1903           00376                 SKPNZ
00FD   2???           00377                 GOTO CONTINUAR_2HD_3HU
Message[305]: Using default destination of 1 (file).
00FE   0AB4           00378                 INCF HU
00FF   2???           00379                 GOTO End_Time_Logic
                      00380 
Warning[207]: Found label after column 1. (CONTINUAR_2HD_3HU)
0100                  00381         CONTINUAR_2HD_3HU:
0100   3000           00382                 MOVLW 0X00
0101   00B4           00383                 MOVWF HU
0102   00B5           00384                 MOVWF HD
0103   2???           00385                 GOTO End_Time_Logic
                      00386 
Warning[207]: Found label after column 1. (Refresh)
0104                  00387         Refresh 
0104   1C07           00388                 BTFSS PORTC,RC0
0105   2???           00389                 GOTO Cambiar_Display0
0106   1C87           00390                 BTFSS PORTC,RC1
MPASM  5.40                         RELOJ.ASM   6-15-2016  23:33:26         PAGE 10


LOC  OBJECT CODE     LINE SOURCE TEXT
  VALUE

0107   2???           00391                 GOTO Cambiar_Display1
0108   1D07           00392                 BTFSS PORTC,RC2
0109   2???           00393                 GOTO Cambiar_Display2
010A   1D87           00394                 BTFSS PORTC,RC3
010B   2???           00395                 GOTO Cambiar_Display3
010C   1E07           00396                 BTFSS PORTC,RC4
010D   2???           00397                 GOTO Cambiar_Display4
010E   2???           00398                 GOTO Cambiar_Display5
                      00399    
                      00400 
Warning[207]: Found label after column 1. (Cambiar_Display0)
010F                  00401         Cambiar_Display0:
                      00402                 ;Display de Segundo Decena
010F   1407           00403                 BSF PORTC,RC0
0110   0831           00404                 MOVFW SD ; Muevo el contenido de SD a W
0111   2???           00405                 call TABLA
0112   0088           00406                 MOVWF PORTD
0113   1087           00407                 BCF PORTC,RC1
                      00408                 ;Negrada para agregar el refresh al modo configuracion
0114   1806           00409                 BTFSC PORTB,RB0
0115   2???           00410                 GOTO Retornar_Refresh_Button
0116   2???           00411                 GOTO Retornar_Refresh
                      00412 
Warning[207]: Found label after column 1. (Cambiar_Display1)
0117                  00413         Cambiar_Display1:
                      00414                 ;Display de Minuto Unidad
0117   1487           00415                 BSF PORTC,RC1
0118   0832           00416                 MOVFW MU ; Muevo el contenido de MU a W
0119   2???           00417                 call TABLA
011A   0088           00418                 MOVWF PORTD
011B   1788           00419                 BSF PORTD,RD7 ; pone el punto
011C   1107           00420                 BCF PORTC,RC2
                      00421                 ;Negrada para agregar el refresh al modo configuracion
011D   1806           00422                 BTFSC PORTB,RB0
011E   2???           00423                 GOTO Retornar_Refresh_Button
011F   2???           00424                 GOTO Retornar_Refresh  
                      00425 
Warning[207]: Found label after column 1. (Cambiar_Display2)
0120                  00426         Cambiar_Display2:
                      00427                 ;Display de Minuto Decena
0120   1507           00428                 BSF PORTC,RC2
0121   0833           00429                 MOVFW MD ; Muevo el contenido de MD a W
0122   2???           00430                 call TABLA
0123   0088           00431                 MOVWF PORTD
0124   1187           00432                 BCF PORTC,RC3
                      00433                 ;Negrada para agregar el refresh al modo configuracion
0125   1806           00434                 BTFSC PORTB,RB0
0126   2???           00435                 GOTO Retornar_Refresh_Button
0127   2???           00436                 GOTO Retornar_Refresh
                      00437 
Warning[207]: Found label after column 1. (Cambiar_Display3)
0128                  00438         Cambiar_Display3:
                      00439                 ;Display de Hora Unidad
MPASM  5.40                         RELOJ.ASM   6-15-2016  23:33:26         PAGE 11


LOC  OBJECT CODE     LINE SOURCE TEXT
  VALUE

0128   1587           00440                 BSF PORTC,RC3
0129   0834           00441                 MOVFW HU ; Muevo el contenido de HU a W
012A   2???           00442                 call TABLA
012B   0088           00443                 MOVWF PORTD
012C   1788           00444                 BSF PORTD,RD7 ; pone el punto
012D   1207           00445                 BCF PORTC,RC4
                      00446                 ;Negrada para agregar el refresh al modo configuracion
012E   1806           00447                 BTFSC PORTB,RB0
012F   2???           00448                 GOTO Retornar_Refresh_Button
0130   2???           00449                 GOTO Retornar_Refresh
                      00450 
Warning[207]: Found label after column 1. (Cambiar_Display4)
0131                  00451         Cambiar_Display4:
                      00452                 ;Display de Hora Decena
0131   1607           00453                 BSF PORTC,RC4
0132   0835           00454                 MOVFW HD ; Muevo el contenido de HD a W
0133   2???           00455                 call TABLA
0134   0088           00456                 MOVWF PORTD
0135   1287           00457                 BCF PORTC,RC5
                      00458                 ;Negrada para agregar el refresh al modo configuracion
0136   1806           00459                 BTFSC PORTB,RB0
0137   2???           00460                 GOTO Retornar_Refresh_Button
0138   2???           00461                 GOTO Retornar_Refresh
                      00462 
Warning[207]: Found label after column 1. (Cambiar_Display5)
0139                  00463         Cambiar_Display5:
                      00464                 ;Display de Segundo Unidad
0139   1687           00465                 BSF PORTC,RC5
013A   0830           00466                 MOVFW SU ; Muevo el contenido de SU a W
013B   2???           00467                 call TABLA
013C   0088           00468                 MOVWF PORTD
013D   1007           00469                 BCF PORTC,RC0
                      00470                 ;Negrada para agregar el refresh al modo configuracion
013E   1806           00471                 BTFSC PORTB,RB0
013F   2???           00472                 GOTO Retornar_Refresh_Button
0140   2???           00473                 GOTO Retornar_Refresh
                      00474  
Warning[205]: Found directive in column 1. (END)
                      00475 END ; Fin del programa
MPASM  5.40                         RELOJ.ASM   6-15-2016  23:33:26         PAGE 12


SYMBOL TABLE
  LABEL                             VALUE 

ACKDT                             00000005
ACKEN                             00000004
ACKSTAT                           00000006
ADCON0                            0000001F
ADCON1                            0000009F
ADCS0                             00000006
ADCS1                             00000007
ADDEN                             00000003
ADFM                              00000007
ADIE                              00000006
ADIF                              00000006
ADON                              00000000
ADRESH                            0000001E
ADRESL                            0000009E
BCLIE                             00000003
BCLIF                             00000003
BF                                00000000
BRGH                              00000002
Begin                             00000005
Button_Interrupt                  0000005C
Button_Plus_Hour                  000000A0
Button_Plus_Hour_2HD              000000B3
Button_Plus_Hour_2HD_3HU          000000B9
Button_Plus_Hour_9HU              000000AF
Button_Plus_Minute                0000008A
Button_Plus_Minute_2              00000095
Button_Plus_Second                00000074
Button_Plus_Second_2              0000007F
C                                 00000000
CCP1CON                           00000017
CCP1IE                            00000002
CCP1IF                            00000002
CCP1M0                            00000000
CCP1M1                            00000001
CCP1M2                            00000002
CCP1M3                            00000003
CCP1X                             00000005
CCP1Y                             00000004
CCP2CON                           0000001D
CCP2IE                            00000000
CCP2IF                            00000000
CCP2M0                            00000000
CCP2M1                            00000001
CCP2M2                            00000002
CCP2M3                            00000003
CCP2X                             00000005
CCP2Y                             00000004
CCPR1                             00000015
CCPR1H                            00000016
CCPR1L                            00000015
CCPR2                             0000001B
CCPR2H                            0000001C
CCPR2L                            0000001B
MPASM  5.40                         RELOJ.ASM   6-15-2016  23:33:26         PAGE 13


SYMBOL TABLE
  LABEL                             VALUE 

CHS0                              00000003
CHS1                              00000004
CHS2                              00000005
CINCO                             0000003A
CKE                               00000006
CKP                               00000004
CONTADOR_500_P1                   00000036
CONTADOR_500_P2                   00000037
CONTINUAR_2HD                     000000FA
CONTINUAR_2HD_3HU                 00000100
CONTINUAR_9HU                     000000F6
CONTINUAR_HU                      000000EA
CONTINUAR_MD                      000000E2
CONTINUAR_MU                      000000DA
CONTINUAR_SD                      000000D2
CONTROL_HORAS_BOTON               0000003E
CONTROL_MINUTOS_BOTON             0000003D
CONTROL_SEGUNDOS_BOTON            0000003C
CREN                              00000004
CSRC                              00000007
Cambiar_Display0                  0000010F
Cambiar_Display1                  00000117
Cambiar_Display2                  00000120
Cambiar_Display3                  00000128
Cambiar_Display4                  00000131
Cambiar_Display5                  00000139
D                                 00000005
DATA_ADDRESS                      00000005
DC                                00000001
DOS                               00000038
D_A                               00000005
D_NOT_A                           00000005
EEADR                             0000010D
EEADRH                            0000010F
EECON1                            0000018C
EECON2                            0000018D
EEDATA                            0000010C
EEDATH                            0000010E
EEIE                              00000004
EEIF                              00000004
EEPGD                             00000007
End_Button_Hour_Logic             00000068
End_Button_Minute_Logic           00000066
End_Button_Second_Logic           00000064
End_Time_Logic                    000000D0
F                                 00000001
FERR                              00000002
FIN_MODO_CONFIGURACION            00000069
FSR                               00000004
GCEN                              00000007
GIE                               00000007
GO                                00000002
GO_DONE                           00000002
MPASM  5.40                         RELOJ.ASM   6-15-2016  23:33:26         PAGE 14


SYMBOL TABLE
  LABEL                             VALUE 

GO_NOT_DONE                       00000002
HD                                00000035
HU                                00000034
I2C_DATA                          00000005
I2C_READ                          00000002
I2C_START                         00000003
I2C_STOP                          00000004
IBF                               00000007
IBOV                              00000005
INDF                              00000000
INTCON                            0000000B
INTE                              00000004
INTEDG                            00000006
INTF                              00000001
IRP                               00000007
Infinite_loop                     00000041
Interrupt_handler                 0000004F
MD                                00000033
MODO_CONFIGURACION                0000005D
MU                                00000032
NOT_A                             00000005
NOT_ADDRESS                       00000005
NOT_BO                            00000000
NOT_BOR                           00000000
NOT_DONE                          00000002
NOT_PD                            00000003
NOT_POR                           00000001
NOT_RBPU                          00000007
NOT_RC8                           00000006
NOT_T1SYNC                        00000002
NOT_TO                            00000004
NOT_TX8                           00000006
NOT_W                             00000002
NOT_WRITE                         00000002
NUEVE                             0000003B
OBF                               00000006
OERR                              00000001
OPTION_REG                        00000081
P                                 00000004
PCFG0                             00000000
PCFG1                             00000001
PCFG2                             00000002
PCFG3                             00000003
PCL                               00000002
PCLATH                            0000000A
PCON                              0000008E
PEIE                              00000006
PEN                               00000002
PIE1                              0000008C
PIE2                              0000008D
PIR1                              0000000C
PIR2                              0000000D
PORTA                             00000005
MPASM  5.40                         RELOJ.ASM   6-15-2016  23:33:26         PAGE 15


SYMBOL TABLE
  LABEL                             VALUE 

PORTB                             00000006
PORTC                             00000007
PORTD                             00000008
PORTE                             00000009
PR2                               00000092
PS0                               00000000
PS1                               00000001
PS2                               00000002
PSA                               00000003
PSPIE                             00000007
PSPIF                             00000007
PSPMODE                           00000004
R                                 00000002
RA0                               00000000
RA1                               00000001
RA2                               00000002
RA3                               00000003
RA4                               00000004
RA5                               00000005
RB0                               00000000
RB1                               00000001
RB2                               00000002
RB3                               00000003
RB4                               00000004
RB5                               00000005
RB6                               00000006
RB7                               00000007
RBIE                              00000003
RBIF                              00000000
RC0                               00000000
RC1                               00000001
RC2                               00000002
RC3                               00000003
RC4                               00000004
RC5                               00000005
RC6                               00000006
RC7                               00000007
RC8_9                             00000006
RC9                               00000006
RCD8                              00000000
RCEN                              00000003
RCIE                              00000005
RCIF                              00000005
RCREG                             0000001A
RCSTA                             00000018
RD                                00000000
RD0                               00000000
RD1                               00000001
RD2                               00000002
RD3                               00000003
RD4                               00000004
RD5                               00000005
RD6                               00000006
MPASM  5.40                         RELOJ.ASM   6-15-2016  23:33:26         PAGE 16


SYMBOL TABLE
  LABEL                             VALUE 

RD7                               00000007
RE0                               00000000
RE1                               00000001
RE2                               00000002
READ_WRITE                        00000002
RESET_CONTROL_BOTON               0000006C
RETURN_RESET_CONTROL              00000062
RP0                               00000005
RP1                               00000006
RSEN                              00000001
RX9                               00000006
RX9D                              00000000
R_NOT_W                           00000002
R_W                               00000002
Refresh                           00000104
Reset_MD                          0000009D
Reset_SD                          00000087
Retornar_Refresh                  00000058
Retornar_Refresh_Button           00000061
Retornar_Rutina_Contador_500      00000057
Retorno                           00000053
Rutina_Contador_500               000000BD
Rutina_Contador_500_P2            000000C2
S                                 00000003
SD                                00000031
SEN                               00000000
SMP                               00000007
SPBRG                             00000099
SPEN                              00000007
SREN                              00000005
SSPADD                            00000093
SSPBUF                            00000013
SSPCON                            00000014
SSPCON2                           00000091
SSPEN                             00000005
SSPIE                             00000003
SSPIF                             00000003
SSPM0                             00000000
SSPM1                             00000001
SSPM2                             00000002
SSPM3                             00000003
SSPOV                             00000006
SSPSTAT                           00000094
STATUS                            00000003
SU                                00000030
SYNC                              00000004
T0CS                              00000005
T0IE                              00000005
T0IF                              00000002
T0SE                              00000004
T1CKPS0                           00000004
T1CKPS1                           00000005
T1CON                             00000010
MPASM  5.40                         RELOJ.ASM   6-15-2016  23:33:26         PAGE 17


SYMBOL TABLE
  LABEL                             VALUE 

T1INSYNC                          00000002
T1OSCEN                           00000003
T1SYNC                            00000002
T2CKPS0                           00000000
T2CKPS1                           00000001
T2CON                             00000012
TABLA                             00000044
TMR0                              00000001
TMR0IE                            00000005
TMR0IF                            00000002
TMR1CS                            00000001
TMR1H                             0000000F
TMR1IE                            00000000
TMR1IF                            00000000
TMR1L                             0000000E
TMR1ON                            00000000
TMR2                              00000011
TMR2IE                            00000001
TMR2IF                            00000001
TMR2ON                            00000002
TOUTPS0                           00000003
TOUTPS1                           00000004
TOUTPS2                           00000005
TOUTPS3                           00000006
TRES                              00000039
TRISA                             00000085
TRISA0                            00000000
TRISA1                            00000001
TRISA2                            00000002
TRISA3                            00000003
TRISA4                            00000004
TRISA5                            00000005
TRISB                             00000086
TRISB0                            00000000
TRISB1                            00000001
TRISB2                            00000002
TRISB3                            00000003
TRISB4                            00000004
TRISB5                            00000005
TRISB6                            00000006
TRISB7                            00000007
TRISC                             00000087
TRISC0                            00000000
TRISC1                            00000001
TRISC2                            00000002
TRISC3                            00000003
TRISC4                            00000004
TRISC5                            00000005
TRISC6                            00000006
TRISC7                            00000007
TRISD                             00000088
TRISD0                            00000000
TRISD1                            00000001
MPASM  5.40                         RELOJ.ASM   6-15-2016  23:33:26         PAGE 18


SYMBOL TABLE
  LABEL                             VALUE 

TRISD2                            00000002
TRISD3                            00000003
TRISD4                            00000004
TRISD5                            00000005
TRISD6                            00000006
TRISD7                            00000007
TRISE                             00000089
TRISE0                            00000000
TRISE1                            00000001
TRISE2                            00000002
TRMT                              00000001
TX8_9                             00000006
TX9                               00000006
TX9D                              00000000
TXD8                              00000000
TXEN                              00000005
TXIE                              00000004
TXIF                              00000004
TXREG                             00000019
TXSTA                             00000098
Time_Increase                     000000C7
Timer0_Interrupt                  00000055
UA                                00000001
W                                 00000000
WCOL                              00000007
WR                                00000001
WREN                              00000002
WRERR                             00000003
Z                                 00000002
_BODEN_OFF                        00003FBF
_BODEN_ON                         00003FFF
_CONFIG                           00002007
_CPD_OFF                          00003FFF
_CPD_ON                           00003EFF
_CP_All                           00000FCF
_CP_HALF                          00001FDF
_CP_OFF                           00003FFF
_CP_UPPER_256                     00002FEF
_DEBUG_OFF                        00003FFF
_DEBUG_ON                         000037FF
_DEVID1                           00002006
_HS_OSC                           00003FFE
_IDLOC0                           00002000
_IDLOC1                           00002001
_IDLOC2                           00002002
_IDLOC3                           00002003
_LP_OSC                           00003FFC
_LVP_OFF                          00003F7F
_LVP_ON                           00003FFF
_PWRTE_OFF                        00003FFF
_PWRTE_ON                         00003FF7
_RC_OSC                           00003FFF
_WDT_OFF                          00003FFB
MPASM  5.40                         RELOJ.ASM   6-15-2016  23:33:26         PAGE 19


SYMBOL TABLE
  LABEL                             VALUE 

_WDT_ON                           00003FFF
_WRT_ENABLE_OFF                   00003DFF
_WRT_ENABLE_ON                    00003FFF
_XT_OSC                           00003FFD
__16F887                          00000001
__DEBUG                           1

Errors   :     0
Warnings :    51 reported,     0 suppressed
Messages :    28 reported,     0 suppressed

