MPLINK 4.38, Linker
Linker Map File - Created Mon Jun 27 23:42:33 2016

                                 Section Info
                  Section       Type    Address   Location Size(Bytes)
                ---------  ---------  ---------  ---------  ---------
                   .org_0       code   0x000000    program   0x000002
                   .cinit    romdata   0x000001    program   0x000004
                   .org_1       code   0x000004    program   0x000002
                   .org_2       code   0x000010    program   0x000260



                              Program Memory Usage 
                               Start         End      
                           ---------   ---------      
                            0x000000    0x000002      
                            0x000004    0x000004      
                            0x000010    0x00013f      
            308 out of 8455 program addresses used, program memory utilization is 3%



                              Symbols - Sorted by Name
                     Name    Address   Location    Storage File                     
                ---------  ---------  ---------  --------- ---------                
                    Begin   0x000005    program     static C:\Users\edu\Desktop\Reloj_Digital_PIC16F877_asm\reloj.asm
         Button_Interrupt   0x00005c    program     static C:\Users\edu\Desktop\Reloj_Digital_PIC16F877_asm\reloj.asm
         Button_Plus_Hour   0x00009f    program     static C:\Users\edu\Desktop\Reloj_Digital_PIC16F877_asm\reloj.asm
     Button_Plus_Hour_2HD   0x0000b2    program     static C:\Users\edu\Desktop\Reloj_Digital_PIC16F877_asm\reloj.asm
 Button_Plus_Hour_2HD_3HU   0x0000b8    program     static C:\Users\edu\Desktop\Reloj_Digital_PIC16F877_asm\reloj.asm
     Button_Plus_Hour_9HU   0x0000ae    program     static C:\Users\edu\Desktop\Reloj_Digital_PIC16F877_asm\reloj.asm
       Button_Plus_Minute   0x000089    program     static C:\Users\edu\Desktop\Reloj_Digital_PIC16F877_asm\reloj.asm
     Button_Plus_Minute_2   0x000094    program     static C:\Users\edu\Desktop\Reloj_Digital_PIC16F877_asm\reloj.asm
       Button_Plus_Second   0x000073    program     static C:\Users\edu\Desktop\Reloj_Digital_PIC16F877_asm\reloj.asm
     Button_Plus_Second_2   0x00007e    program     static C:\Users\edu\Desktop\Reloj_Digital_PIC16F877_asm\reloj.asm
            CONTINUAR_2HD   0x0000f9    program     static C:\Users\edu\Desktop\Reloj_Digital_PIC16F877_asm\reloj.asm
        CONTINUAR_2HD_3HU   0x0000ff    program     static C:\Users\edu\Desktop\Reloj_Digital_PIC16F877_asm\reloj.asm
            CONTINUAR_9HU   0x0000f5    program     static C:\Users\edu\Desktop\Reloj_Digital_PIC16F877_asm\reloj.asm
             CONTINUAR_HU   0x0000e9    program     static C:\Users\edu\Desktop\Reloj_Digital_PIC16F877_asm\reloj.asm
             CONTINUAR_MD   0x0000e1    program     static C:\Users\edu\Desktop\Reloj_Digital_PIC16F877_asm\reloj.asm
             CONTINUAR_MU   0x0000d9    program     static C:\Users\edu\Desktop\Reloj_Digital_PIC16F877_asm\reloj.asm
             CONTINUAR_SD   0x0000d1    program     static C:\Users\edu\Desktop\Reloj_Digital_PIC16F877_asm\reloj.asm
         Cambiar_Display0   0x00010e    program     static C:\Users\edu\Desktop\Reloj_Digital_PIC16F877_asm\reloj.asm
         Cambiar_Display1   0x000116    program     static C:\Users\edu\Desktop\Reloj_Digital_PIC16F877_asm\reloj.asm
         Cambiar_Display2   0x00011f    program     static C:\Users\edu\Desktop\Reloj_Digital_PIC16F877_asm\reloj.asm
         Cambiar_Display3   0x000127    program     static C:\Users\edu\Desktop\Reloj_Digital_PIC16F877_asm\reloj.asm
         Cambiar_Display4   0x000130    program     static C:\Users\edu\Desktop\Reloj_Digital_PIC16F877_asm\reloj.asm
         Cambiar_Display5   0x000138    program     static C:\Users\edu\Desktop\Reloj_Digital_PIC16F877_asm\reloj.asm
    End_Button_Hour_Logic   0x000068    program     static C:\Users\edu\Desktop\Reloj_Digital_PIC16F877_asm\reloj.asm
  End_Button_Minute_Logic   0x000066    program     static C:\Users\edu\Desktop\Reloj_Digital_PIC16F877_asm\reloj.asm
  End_Button_Second_Logic   0x000064    program     static C:\Users\edu\Desktop\Reloj_Digital_PIC16F877_asm\reloj.asm
           End_Time_Logic   0x0000cf    program     static C:\Users\edu\Desktop\Reloj_Digital_PIC16F877_asm\reloj.asm
   FIN_MODO_CONFIGURACION   0x000069    program     static C:\Users\edu\Desktop\Reloj_Digital_PIC16F877_asm\reloj.asm
            Infinite_loop   0x000040    program     static C:\Users\edu\Desktop\Reloj_Digital_PIC16F877_asm\reloj.asm
        Interrupt_handler   0x00004e    program     static C:\Users\edu\Desktop\Reloj_Digital_PIC16F877_asm\reloj.asm
       MODO_CONFIGURACION   0x00005d    program     static C:\Users\edu\Desktop\Reloj_Digital_PIC16F877_asm\reloj.asm
      RESET_CONTROL_BOTON   0x00006b    program     static C:\Users\edu\Desktop\Reloj_Digital_PIC16F877_asm\reloj.asm
     RETURN_RESET_CONTROL   0x000062    program     static C:\Users\edu\Desktop\Reloj_Digital_PIC16F877_asm\reloj.asm
                  Refresh   0x000103    program     static C:\Users\edu\Desktop\Reloj_Digital_PIC16F877_asm\reloj.asm
                 Reset_MD   0x00009c    program     static C:\Users\edu\Desktop\Reloj_Digital_PIC16F877_asm\reloj.asm
                 Reset_SD   0x000086    program     static C:\Users\edu\Desktop\Reloj_Digital_PIC16F877_asm\reloj.asm
         Retornar_Refresh   0x000058    program     static C:\Users\edu\Desktop\Reloj_Digital_PIC16F877_asm\reloj.asm
  Retornar_Refresh_Button   0x000061    program     static C:\Users\edu\Desktop\Reloj_Digital_PIC16F877_asm\reloj.asm
Retornar_Rutina_Contador_500   0x000057    program     static C:\Users\edu\Desktop\Reloj_Digital_PIC16F877_asm\reloj.asm
                  Retorno   0x000053    program     static C:\Users\edu\Desktop\Reloj_Digital_PIC16F877_asm\reloj.asm
      Rutina_Contador_500   0x0000bc    program     static C:\Users\edu\Desktop\Reloj_Digital_PIC16F877_asm\reloj.asm
   Rutina_Contador_500_P2   0x0000c1    program     static C:\Users\edu\Desktop\Reloj_Digital_PIC16F877_asm\reloj.asm
                    TABLA   0x000043    program     static C:\Users\edu\Desktop\Reloj_Digital_PIC16F877_asm\reloj.asm
            Time_Increase   0x0000c6    program     static C:\Users\edu\Desktop\Reloj_Digital_PIC16F877_asm\reloj.asm
         Timer0_Interrupt   0x000055    program     static C:\Users\edu\Desktop\Reloj_Digital_PIC16F877_asm\reloj.asm



                              Symbols - Sorted by Address
                     Name    Address   Location    Storage File                     
                ---------  ---------  ---------  --------- ---------                
                    Begin   0x000005    program     static C:\Users\edu\Desktop\Reloj_Digital_PIC16F877_asm\reloj.asm
            Infinite_loop   0x000040    program     static C:\Users\edu\Desktop\Reloj_Digital_PIC16F877_asm\reloj.asm
                    TABLA   0x000043    program     static C:\Users\edu\Desktop\Reloj_Digital_PIC16F877_asm\reloj.asm
        Interrupt_handler   0x00004e    program     static C:\Users\edu\Desktop\Reloj_Digital_PIC16F877_asm\reloj.asm
                  Retorno   0x000053    program     static C:\Users\edu\Desktop\Reloj_Digital_PIC16F877_asm\reloj.asm
         Timer0_Interrupt   0x000055    program     static C:\Users\edu\Desktop\Reloj_Digital_PIC16F877_asm\reloj.asm
Retornar_Rutina_Contador_500   0x000057    program     static C:\Users\edu\Desktop\Reloj_Digital_PIC16F877_asm\reloj.asm
         Retornar_Refresh   0x000058    program     static C:\Users\edu\Desktop\Reloj_Digital_PIC16F877_asm\reloj.asm
         Button_Interrupt   0x00005c    program     static C:\Users\edu\Desktop\Reloj_Digital_PIC16F877_asm\reloj.asm
       MODO_CONFIGURACION   0x00005d    program     static C:\Users\edu\Desktop\Reloj_Digital_PIC16F877_asm\reloj.asm
  Retornar_Refresh_Button   0x000061    program     static C:\Users\edu\Desktop\Reloj_Digital_PIC16F877_asm\reloj.asm
     RETURN_RESET_CONTROL   0x000062    program     static C:\Users\edu\Desktop\Reloj_Digital_PIC16F877_asm\reloj.asm
  End_Button_Second_Logic   0x000064    program     static C:\Users\edu\Desktop\Reloj_Digital_PIC16F877_asm\reloj.asm
  End_Button_Minute_Logic   0x000066    program     static C:\Users\edu\Desktop\Reloj_Digital_PIC16F877_asm\reloj.asm
    End_Button_Hour_Logic   0x000068    program     static C:\Users\edu\Desktop\Reloj_Digital_PIC16F877_asm\reloj.asm
   FIN_MODO_CONFIGURACION   0x000069    program     static C:\Users\edu\Desktop\Reloj_Digital_PIC16F877_asm\reloj.asm
      RESET_CONTROL_BOTON   0x00006b    program     static C:\Users\edu\Desktop\Reloj_Digital_PIC16F877_asm\reloj.asm
       Button_Plus_Second   0x000073    program     static C:\Users\edu\Desktop\Reloj_Digital_PIC16F877_asm\reloj.asm
     Button_Plus_Second_2   0x00007e    program     static C:\Users\edu\Desktop\Reloj_Digital_PIC16F877_asm\reloj.asm
                 Reset_SD   0x000086    program     static C:\Users\edu\Desktop\Reloj_Digital_PIC16F877_asm\reloj.asm
       Button_Plus_Minute   0x000089    program     static C:\Users\edu\Desktop\Reloj_Digital_PIC16F877_asm\reloj.asm
     Button_Plus_Minute_2   0x000094    program     static C:\Users\edu\Desktop\Reloj_Digital_PIC16F877_asm\reloj.asm
                 Reset_MD   0x00009c    program     static C:\Users\edu\Desktop\Reloj_Digital_PIC16F877_asm\reloj.asm
         Button_Plus_Hour   0x00009f    program     static C:\Users\edu\Desktop\Reloj_Digital_PIC16F877_asm\reloj.asm
     Button_Plus_Hour_9HU   0x0000ae    program     static C:\Users\edu\Desktop\Reloj_Digital_PIC16F877_asm\reloj.asm
     Button_Plus_Hour_2HD   0x0000b2    program     static C:\Users\edu\Desktop\Reloj_Digital_PIC16F877_asm\reloj.asm
 Button_Plus_Hour_2HD_3HU   0x0000b8    program     static C:\Users\edu\Desktop\Reloj_Digital_PIC16F877_asm\reloj.asm
      Rutina_Contador_500   0x0000bc    program     static C:\Users\edu\Desktop\Reloj_Digital_PIC16F877_asm\reloj.asm
   Rutina_Contador_500_P2   0x0000c1    program     static C:\Users\edu\Desktop\Reloj_Digital_PIC16F877_asm\reloj.asm
            Time_Increase   0x0000c6    program     static C:\Users\edu\Desktop\Reloj_Digital_PIC16F877_asm\reloj.asm
           End_Time_Logic   0x0000cf    program     static C:\Users\edu\Desktop\Reloj_Digital_PIC16F877_asm\reloj.asm
             CONTINUAR_SD   0x0000d1    program     static C:\Users\edu\Desktop\Reloj_Digital_PIC16F877_asm\reloj.asm
             CONTINUAR_MU   0x0000d9    program     static C:\Users\edu\Desktop\Reloj_Digital_PIC16F877_asm\reloj.asm
             CONTINUAR_MD   0x0000e1    program     static C:\Users\edu\Desktop\Reloj_Digital_PIC16F877_asm\reloj.asm
             CONTINUAR_HU   0x0000e9    program     static C:\Users\edu\Desktop\Reloj_Digital_PIC16F877_asm\reloj.asm
            CONTINUAR_9HU   0x0000f5    program     static C:\Users\edu\Desktop\Reloj_Digital_PIC16F877_asm\reloj.asm
            CONTINUAR_2HD   0x0000f9    program     static C:\Users\edu\Desktop\Reloj_Digital_PIC16F877_asm\reloj.asm
        CONTINUAR_2HD_3HU   0x0000ff    program     static C:\Users\edu\Desktop\Reloj_Digital_PIC16F877_asm\reloj.asm
                  Refresh   0x000103    program     static C:\Users\edu\Desktop\Reloj_Digital_PIC16F877_asm\reloj.asm
         Cambiar_Display0   0x00010e    program     static C:\Users\edu\Desktop\Reloj_Digital_PIC16F877_asm\reloj.asm
         Cambiar_Display1   0x000116    program     static C:\Users\edu\Desktop\Reloj_Digital_PIC16F877_asm\reloj.asm
         Cambiar_Display2   0x00011f    program     static C:\Users\edu\Desktop\Reloj_Digital_PIC16F877_asm\reloj.asm
         Cambiar_Display3   0x000127    program     static C:\Users\edu\Desktop\Reloj_Digital_PIC16F877_asm\reloj.asm
         Cambiar_Display4   0x000130    program     static C:\Users\edu\Desktop\Reloj_Digital_PIC16F877_asm\reloj.asm
         Cambiar_Display5   0x000138    program     static C:\Users\edu\Desktop\Reloj_Digital_PIC16F877_asm\reloj.asm


